Component: ARM Compiler 5.06 update 5 (build 528) Tool: armlink [4d35e2]

==============================================================================

Section Cross References

    system_stm32f10x.o(i.SetSysClock) refers to system_stm32f10x.o(i.SetSysClockTo72) for SetSysClockTo72
    system_stm32f10x.o(i.SystemCoreClockUpdate) refers to system_stm32f10x.o(.data) for SystemCoreClock
    system_stm32f10x.o(i.SystemInit) refers to system_stm32f10x.o(i.SetSysClock) for SetSysClock
    startup_stm32f10x_md.o(RESET) refers to startup_stm32f10x_md.o(STACK) for __initial_sp
    startup_stm32f10x_md.o(RESET) refers to startup_stm32f10x_md.o(.text) for Reset_Handler
    startup_stm32f10x_md.o(RESET) refers to stm32f10x_it.o(i.NMI_Handler) for NMI_Handler
    startup_stm32f10x_md.o(RESET) refers to task_switch.o(.text) for HardFault_Handler
    startup_stm32f10x_md.o(RESET) refers to stm32f10x_it.o(i.MemManage_Handler) for MemManage_Handler
    startup_stm32f10x_md.o(RESET) refers to stm32f10x_it.o(i.BusFault_Handler) for BusFault_Handler
    startup_stm32f10x_md.o(RESET) refers to stm32f10x_it.o(i.UsageFault_Handler) for UsageFault_Handler
    startup_stm32f10x_md.o(RESET) refers to stm32f10x_it.o(i.DebugMon_Handler) for DebugMon_Handler
    startup_stm32f10x_md.o(RESET) refers to my_rtos.o(i.SysTick_Handler) for SysTick_Handler
    startup_stm32f10x_md.o(RESET) refers to my_rtos.o(i.DMA1_Channel1_IRQHandler) for DMA1_Channel1_IRQHandler
    startup_stm32f10x_md.o(RESET) refers to usart.o(i.USART1_IRQHandler) for USART1_IRQHandler
    startup_stm32f10x_md.o(.text) refers to system_stm32f10x.o(i.SystemInit) for SystemInit
    startup_stm32f10x_md.o(.text) refers to entry.o(.ARM.Collect$$$$00000000) for __main
    stm32f10x_adc.o(i.ADC_DeInit) refers to stm32f10x_rcc.o(i.RCC_APB2PeriphResetCmd) for RCC_APB2PeriphResetCmd
    stm32f10x_bkp.o(i.BKP_DeInit) refers to stm32f10x_rcc.o(i.RCC_BackupResetCmd) for RCC_BackupResetCmd
    stm32f10x_can.o(i.CAN_DeInit) refers to stm32f10x_rcc.o(i.RCC_APB1PeriphResetCmd) for RCC_APB1PeriphResetCmd
    stm32f10x_can.o(i.CAN_GetITStatus) refers to stm32f10x_can.o(i.CheckITStatus) for CheckITStatus
    stm32f10x_cec.o(i.CEC_DeInit) refers to stm32f10x_rcc.o(i.RCC_APB1PeriphResetCmd) for RCC_APB1PeriphResetCmd
    stm32f10x_dac.o(i.DAC_DeInit) refers to stm32f10x_rcc.o(i.RCC_APB1PeriphResetCmd) for RCC_APB1PeriphResetCmd
    stm32f10x_flash.o(i.FLASH_EnableWriteProtection) refers to stm32f10x_flash.o(i.FLASH_WaitForLastOperation) for FLASH_WaitForLastOperation
    stm32f10x_flash.o(i.FLASH_EraseAllBank1Pages) refers to stm32f10x_flash.o(i.FLASH_WaitForLastBank1Operation) for FLASH_WaitForLastBank1Operation
    stm32f10x_flash.o(i.FLASH_EraseAllPages) refers to stm32f10x_flash.o(i.FLASH_WaitForLastOperation) for FLASH_WaitForLastOperation
    stm32f10x_flash.o(i.FLASH_EraseOptionBytes) refers to stm32f10x_flash.o(i.FLASH_GetReadOutProtectionStatus) for FLASH_GetReadOutProtectionStatus
    stm32f10x_flash.o(i.FLASH_EraseOptionBytes) refers to stm32f10x_flash.o(i.FLASH_WaitForLastOperation) for FLASH_WaitForLastOperation
    stm32f10x_flash.o(i.FLASH_ErasePage) refers to stm32f10x_flash.o(i.FLASH_WaitForLastOperation) for FLASH_WaitForLastOperation
    stm32f10x_flash.o(i.FLASH_ProgramHalfWord) refers to stm32f10x_flash.o(i.FLASH_WaitForLastOperation) for FLASH_WaitForLastOperation
    stm32f10x_flash.o(i.FLASH_ProgramOptionByteData) refers to stm32f10x_flash.o(i.FLASH_WaitForLastOperation) for FLASH_WaitForLastOperation
    stm32f10x_flash.o(i.FLASH_ProgramWord) refers to stm32f10x_flash.o(i.FLASH_WaitForLastOperation) for FLASH_WaitForLastOperation
    stm32f10x_flash.o(i.FLASH_ReadOutProtection) refers to stm32f10x_flash.o(i.FLASH_WaitForLastOperation) for FLASH_WaitForLastOperation
    stm32f10x_flash.o(i.FLASH_UserOptionByteConfig) refers to stm32f10x_flash.o(i.FLASH_WaitForLastOperation) for FLASH_WaitForLastOperation
    stm32f10x_flash.o(i.FLASH_WaitForLastBank1Operation) refers to stm32f10x_flash.o(i.FLASH_GetBank1Status) for FLASH_GetBank1Status
    stm32f10x_flash.o(i.FLASH_WaitForLastOperation) refers to stm32f10x_flash.o(i.FLASH_GetBank1Status) for FLASH_GetBank1Status
    stm32f10x_gpio.o(i.GPIO_AFIODeInit) refers to stm32f10x_rcc.o(i.RCC_APB2PeriphResetCmd) for RCC_APB2PeriphResetCmd
    stm32f10x_gpio.o(i.GPIO_DeInit) refers to stm32f10x_rcc.o(i.RCC_APB2PeriphResetCmd) for RCC_APB2PeriphResetCmd
    stm32f10x_i2c.o(i.I2C_DeInit) refers to stm32f10x_rcc.o(i.RCC_APB1PeriphResetCmd) for RCC_APB1PeriphResetCmd
    stm32f10x_i2c.o(i.I2C_Init) refers to stm32f10x_rcc.o(i.RCC_GetClocksFreq) for RCC_GetClocksFreq
    stm32f10x_pwr.o(i.PWR_DeInit) refers to stm32f10x_rcc.o(i.RCC_APB1PeriphResetCmd) for RCC_APB1PeriphResetCmd
    stm32f10x_rcc.o(i.RCC_GetClocksFreq) refers to stm32f10x_rcc.o(.data) for APBAHBPrescTable
    stm32f10x_rcc.o(i.RCC_WaitForHSEStartUp) refers to stm32f10x_rcc.o(i.RCC_GetFlagStatus) for RCC_GetFlagStatus
[...]
    Removing stm32f10x_tim.o(i.TIM_TimeBaseInit), (164 bytes).
    Removing stm32f10x_tim.o(i.TIM_TimeBaseStructInit), (18 bytes).
    Removing stm32f10x_tim.o(i.TIM_UpdateDisableConfig), (24 bytes).
    Removing stm32f10x_tim.o(i.TIM_UpdateRequestConfig), (24 bytes).
    Removing stm32f10x_usart.o(i.USART_ClearFlag), (18 bytes).
    Removing stm32f10x_usart.o(i.USART_ClearITPendingBit), (30 bytes).
    Removing stm32f10x_usart.o(i.USART_ClockInit), (34 bytes).
    Removing stm32f10x_usart.o(i.USART_ClockStructInit), (12 bytes).
    Removing stm32f10x_usart.o(i.USART_Cmd), (24 bytes).
    Removing stm32f10x_usart.o(i.USART_DMACmd), (18 bytes).
    Removing stm32f10x_usart.o(i.USART_DeInit), (156 bytes).
    Removing stm32f10x_usart.o(i.USART_GetFlagStatus), (26 bytes).
    Removing stm32f10x_usart.o(i.USART_GetITStatus), (84 bytes).
    Removing stm32f10x_usart.o(i.USART_HalfDuplexCmd), (24 bytes).
    Removing stm32f10x_usart.o(i.USART_ITConfig), (74 bytes).
    Removing stm32f10x_usart.o(i.USART_Init), (216 bytes).
    Removing stm32f10x_usart.o(i.USART_IrDACmd), (24 bytes).
    Removing stm32f10x_usart.o(i.USART_IrDAConfig), (18 bytes).
    Removing stm32f10x_usart.o(i.USART_LINBreakDetectLengthConfig), (18 bytes).
    Removing stm32f10x_usart.o(i.USART_LINCmd), (24 bytes).
    Removing stm32f10x_usart.o(i.USART_OneBitMethodCmd), (24 bytes).
    Removing stm32f10x_usart.o(i.USART_OverSampling8Cmd), (22 bytes).
    Removing stm32f10x_usart.o(i.USART_ReceiveData), (10 bytes).
    Removing stm32f10x_usart.o(i.USART_ReceiverWakeUpCmd), (24 bytes).
    Removing stm32f10x_usart.o(i.USART_SendBreak), (10 bytes).
    Removing stm32f10x_usart.o(i.USART_SendData), (8 bytes).
    Removing stm32f10x_usart.o(i.USART_SetAddress), (18 bytes).
    Removing stm32f10x_usart.o(i.USART_SetGuardTime), (16 bytes).
    Removing stm32f10x_usart.o(i.USART_SetPrescaler), (16 bytes).
    Removing stm32f10x_usart.o(i.USART_SmartCardCmd), (24 bytes).
    Removing stm32f10x_usart.o(i.USART_SmartCardNACKCmd), (24 bytes).
    Removing stm32f10x_usart.o(i.USART_StructInit), (24 bytes).
    Removing stm32f10x_usart.o(i.USART_WakeUpConfig), (18 bytes).
    Removing stm32f10x_wwdg.o(i.WWDG_ClearFlag), (12 bytes).
    Removing stm32f10x_wwdg.o(i.WWDG_DeInit), (22 bytes).
    Removing stm32f10x_wwdg.o(i.WWDG_Enable), (16 bytes).
    Removing stm32f10x_wwdg.o(i.WWDG_EnableIT), (12 bytes).
    Removing stm32f10x_wwdg.o(i.WWDG_GetFlagStatus), (12 bytes).
    Removing stm32f10x_wwdg.o(i.WWDG_SetCounter), (16 bytes).
    Removing stm32f10x_wwdg.o(i.WWDG_SetPrescaler), (24 bytes).
    Removing stm32f10x_wwdg.o(i.WWDG_SetWindowValue), (40 bytes).
    Removing led.o(i.Led_Toggle), (20 bytes).
    Removing usart.o(i.Usart_GetData), (8 bytes).
    Removing usart.o(i.Usart_GetSize), (12 bytes).
    Removing usart.o(i.Usart_TransmitString), (26 bytes).
    Removing adc1.o(i.ADC1_Stop), (20 bytes).
    Removing oled.o(i.OLED_ShowBinNum), (62 bytes).
    Removing oled.o(i.OLED_ShowHexNum), (84 bytes).
    Removing esp8266.o(i.ESP8266_IsTCPConnected), (60 bytes).
    Removing sched.o(i.scheduler_remove), (92 bytes).
    Removing task.o(i.delay_list_add), (48 bytes).
    Removing task.o(i.pend_to_list_by_preempt), (30 bytes).
    Removing task.o(i.task_delay), (76 bytes).
    Removing event_groups.o(i.event_group_clear_from_isr), (12 bytes).
    Removing event_groups.o(i.event_group_set_from_isr), (122 bytes).
    Removing queue.o(i.queue_recv_from_isr), (78 bytes).
    Removing queue.o(i.queue_send), (144 bytes).
    Removing timers.o(i.timer_stop), (72 bytes).
    Removing semaphore.o(i.mutex_lock), (136 bytes).
    Removing semaphore.o(i.mutex_unlock), (104 bytes).
    Removing semaphore.o(i.sem_create), (8 bytes).
    Removing semaphore.o(i.sem_give_from_isr), (36 bytes).
    Removing semaphore.o(i.sem_take_from_isr), (32 bytes).
    Removing flash.o(i.Flash_erase_app_area), (44 bytes).
    Removing flash.o(i.Flash_erase_page), (88 bytes).
    Removing flash.o(i.Flash_lock), (20 bytes).
    Removing flash.o(i.Flash_unlock), (24 bytes).
    Removing flash.o(i.Flash_write_data), (62 bytes).
    Removing flash.o(i.Flash_write_halfword), (80 bytes).
    Removing w25q64.o(i.W25Q64_Safe_Write), (152 bytes).
    Removing w25q64.o(.bss), (4096 bytes).
    Removing dadd.o(.text), (334 bytes).
    Removing dmul.o(.text), (228 bytes).
    Removing ddiv.o(.text), (222 bytes).
    Removing dfixul.o(.text), (48 bytes).
    Removing cdrcmple.o(.text), (48 bytes).
    Removing depilogue.o(.text), (186 bytes).

508 unused section(s) (total 26334 bytes) removed from the image.

==============================================================================

Image Symbol Table

    Local Symbols

    Symbol Name                              Value     Ov Type        Size  Object(Section)

    ../clib/microlib/division.c              0x00000000   Number         0  uidiv.o ABSOLUTE
    ../clib/microlib/division.c              0x00000000   Number         0  uldiv.o ABSOLUTE
    ../clib/microlib/init/entry.s            0x00000000   Number         0  entry10a.o ABSOLUTE
    ../clib/microlib/init/entry.s            0x00000000   Number         0  entry10b.o ABSOLUTE
    ../clib/microlib/init/entry.s            0x00000000   Number         0  entry11b.o ABSOLUTE
    ../clib/microlib/init/entry.s            0x00000000   Number         0  entry.o ABSOLUTE
    ../clib/microlib/init/entry.s            0x00000000   Number         0  entry5.o ABSOLUTE
    ../clib/microlib/init/entry.s            0x00000000   Number         0  entry11a.o ABSOLUTE
    ../clib/microlib/init/entry.s            0x00000000   Number         0  entry7a.o ABSOLUTE
    ../clib/microlib/init/entry.s            0x00000000   Number         0  entry7b.o ABSOLUTE
    ../clib/microlib/init/entry.s            0x00000000   Number         0  entry2.o ABSOLUTE
    ../clib/microlib/init/entry.s            0x00000000   Number         0  entry8a.o ABSOLUTE
    ../clib/microlib/init/entry.s            0x00000000   Number         0  entry8b.o ABSOLUTE
    ../clib/microlib/init/entry.s            0x00000000   Number         0  entry9a.o ABSOLUTE
    ../clib/microlib/init/entry.s            0x00000000   Number         0  entry9b.o ABSOLUTE
    ../clib/microlib/longlong.c              0x00000000   Number         0  llsshr.o ABSOLUTE
    ../clib/microlib/longlong.c              0x00000000   Number         0  llushr.o ABSOLUTE
    ../clib/microlib/longlong.c              0x00000000   Number         0  llshl.o ABSOLUTE
    ../clib/microlib/printf/printf.c         0x00000000   Number         0  printfa.o ABSOLUTE
    ../clib/microlib/printf/printf.c         0x00000000   Number         0  printf8.o ABSOLUTE
    ../clib/microlib/printf/printf.c         0x00000000   Number         0  printf7.o ABSOLUTE
    ../clib/microlib/printf/printf.c         0x00000000   Number         0  printf6.o ABSOLUTE
    ../clib/microlib/printf/printf.c         0x00000000   Number         0  printf5.o ABSOLUTE
    ../clib/microlib/printf/printf.c         0x00000000   Number         0  printf4.o ABSOLUTE
    ../clib/microlib/printf/printf.c         0x00000000   Number         0  printf3.o ABSOLUTE
    ../clib/microlib/printf/printf.c         0x00000000   Number         0  printf2.o ABSOLUTE
    ../clib/microlib/printf/printf.c         0x00000000   Number         0  printf1.o ABSOLUTE
    ../clib/microlib/printf/printf.c         0x00000000   Number         0  printfb.o ABSOLUTE
    ../clib/microlib/printf/printf.c         0x00000000   Number         0  printf0.o ABSOLUTE
    ../clib/microlib/printf/stubs.s          0x00000000   Number         0  stubs.o ABSOLUTE
    ../clib/microlib/stdio/streams.c         0x00000000   Number         0  stdout.o ABSOLUTE
    ../clib/microlib/stubs.s                 0x00000000   Number         0  iusefp.o ABSOLUTE
    ../fplib/microlib/fpadd.c                0x00000000   Number         0  dadd.o ABSOLUTE
    ../fplib/microlib/fpadd.c                0x00000000   Number         0  fadd.o ABSOLUTE
    ../fplib/microlib/fpdiv.c                0x00000000   Number         0  fdiv.o ABSOLUTE
    ../fplib/microlib/fpdiv.c                0x00000000   Number         0  ddiv.o ABSOLUTE
    ../fplib/microlib/fpepilogue.c           0x00000000   Number         0  depilogue.o ABSOLUTE
    ../fplib/microlib/fpepilogue.c           0x00000000   Number         0  fepilogue.o ABSOLUTE
    ../fplib/microlib/fpfix.c                0x00000000   Number         0  ffixui.o ABSOLUTE
    ../fplib/microlib/fpfix.c                0x00000000   Number         0  dfixul.o ABSOLUTE
    ../fplib/microlib/fpfix.c                0x00000000   Number         0  ffixi.o ABSOLUTE
    ../fplib/microlib/fpflt.c                0x00000000   Number         0  ffltui.o ABSOLUTE
    ../fplib/microlib/fpflt.c                0x00000000   Number         0  fflti.o ABSOLUTE
    ../fplib/microlib/fpmul.c                0x00000000   Number         0  fmul.o ABSOLUTE
    ../fplib/microlib/fpmul.c                0x00000000   Number         0  dmul.o ABSOLUTE
    Bootloader\Flash.c                       0x00000000   Number         0  flash.o ABSOLUTE
    Bootloader\SPI_Hard.c                    0x00000000   Number         0  spi_hard.o ABSOLUTE
    Bootloader\W25Q64.c                      0x00000000   Number         0  w25q64.o ABSOLUTE
    Hardware\ADC1.c                          0x00000000   Number         0  adc1.o ABSOLUTE
    Hardware\DMA1.c                          0x00000000   Number         0  dma1.o ABSOLUTE
    Hardware\ESP8266.c                       0x00000000   Number         0  esp8266.o ABSOLUTE
    Hardware\Encoder.c                       0x00000000   Number         0  encoder.o ABSOLUTE
    Hardware\Key.c                           0x00000000   Number         0  key.o ABSOLUTE
    Hardware\Led.c                           0x00000000   Number         0  led.o ABSOLUTE
    Hardware\Motor.c                         0x00000000   Number         0  motor.o ABSOLUTE
    Hardware\OLED.c                          0x00000000   Number         0  oled.o ABSOLUTE
    Hardware\PWM.c                           0x00000000   Number         0  pwm.o ABSOLUTE
    Hardware\Usart.c                         0x00000000   Number         0  usart.o ABSOLUTE
    Hardware\Usart2.c                        0x00000000   Number         0  usart2.o ABSOLUTE
    Library\misc.c                           0x00000000   Number         0  misc.o ABSOLUTE
    Library\stm32f10x_adc.c                  0x00000000   Number         0  stm32f10x_adc.o ABSOLUTE
    Library\stm32f10x_bkp.c                  0x00000000   Number         0  stm32f10x_bkp.o ABSOLUTE
    Library\stm32f10x_can.c                  0x00000000   Number         0  stm32f10x_can.o ABSOLUTE
    Library\stm32f10x_cec.c                  0x00000000   Number         0  stm32f10x_cec.o ABSOLUTE
    Library\stm32f10x_crc.c                  0x00000000   Number         0  stm32f10x_crc.o ABSOLUTE
    Library\stm32f10x_dac.c                  0x00000000   Number         0  stm32f10x_dac.o ABSOLUTE
    Library\stm32f10x_dbgmcu.c               0x00000000   Number         0  stm32f10x_dbgmcu.o ABSOLUTE
    Library\stm32f10x_dma.c                  0x00000000   Number         0  stm32f10x_dma.o ABSOLUTE
    Library\stm32f10x_exti.c                 0x00000000   Number         0  stm32f10x_exti.o ABSOLUTE
    Library\stm32f10x_flash.c                0x00000000   Number         0  stm32f10x_flash.o ABSOLUTE
    Library\stm32f10x_fsmc.c                 0x00000000   Number         0  stm32f10x_fsmc.o ABSOLUTE
    Library\stm32f10x_gpio.c                 0x00000000   Number         0  stm32f10x_gpio.o ABSOLUTE
    Library\stm32f10x_i2c.c                  0x00000000   Number         0  stm32f10x_i2c.o ABSOLUTE
    Library\stm32f10x_iwdg.c                 0x00000000   Number         0  stm32f10x_iwdg.o ABSOLUTE
    Library\stm32f10x_pwr.c                  0x00000000   Number         0  stm32f10x_pwr.o ABSOLUTE
    Library\stm32f10x_rcc.c                  0x00000000   Number         0  stm32f10x_rcc.o ABSOLUTE
    Library\stm32f10x_rtc.c                  0x00000000   Number         0  stm32f10x_rtc.o ABSOLUTE
    Library\stm32f10x_sdio.c                 0x00000000   Number         0  stm32f10x_sdio.o ABSOLUTE
    Library\stm32f10x_spi.c                  0x00000000   Number         0  stm32f10x_spi.o ABSOLUTE
    Library\stm32f10x_tim.c                  0x00000000   Number         0  stm32f10x_tim.o ABSOLUTE
    Library\stm32f10x_usart.c                0x00000000   Number         0  stm32f10x_usart.o ABSOLUTE
    Library\stm32f10x_wwdg.c                 0x00000000   Number         0  stm32f10x_wwdg.o ABSOLUTE
    RTOS\My_RTOS.c                           0x00000000   Number         0  my_rtos.o ABSOLUTE
    RTOS\event_groups.c                      0x00000000   Number         0  event_groups.o ABSOLUTE
    RTOS\queue.c                             0x00000000   Number         0  queue.o ABSOLUTE
    RTOS\sched.c                             0x00000000   Number         0  sched.o ABSOLUTE
    RTOS\semaphore.c                         0x00000000   Number         0  semaphore.o ABSOLUTE
    RTOS\task.c                              0x00000000   Number         0  task.o ABSOLUTE
    RTOS\task_switch.s                       0x00000000   Number         0  task_switch.o ABSOLUTE
    RTOS\timers.c                            0x00000000   Number         0  timers.o ABSOLUTE
    Start\\core_cm3.c                        0x00000000   Number         0  core_cm3.o ABSOLUTE
    Start\core_cm3.c                         0x00000000   Number         0  core_cm3.o ABSOLUTE
    Start\startup_stm32f10x_md.s             0x00000000   Number         0  startup_stm32f10x_md.o ABSOLUTE
    Start\system_stm32f10x.c                 0x00000000   Number         0  system_stm32f10x.o ABSOLUTE
    User\PID.c                               0x00000000   Number         0  pid.o ABSOLUTE
    User\main.c                              0x00000000   Number         0  main.o ABSOLUTE
    User\stm32f10x_it.c                      0x00000000   Number         0  stm32f10x_it.o ABSOLUTE
    cdrcmple.s                               0x00000000   Number         0  cdrcmple.o ABSOLUTE
    cfcmple.s                                0x00000000   Number         0  cfcmple.o ABSOLUTE
    cfrcmple.s                               0x00000000   Number         0  cfrcmple.o ABSOLUTE
    dc.s                                     0x00000000   Number         0  dc.o ABSOLUTE
    handlers.s                               0x00000000   Number         0  handlers.o ABSOLUTE
    init.s                                   0x00000000   Number         0  init.o ABSOLUTE
    RESET                                    0x08002000   Section      236  startup_stm32f10x_md.o(RESET)
    .ARM.Collect$$$$00000000                 0x080020ec   Section        0  entry.o(.ARM.Collect$$$$00000000)
    .ARM.Collect$$$$00000001                 0x080020ec   Section        4  entry2.o(.ARM.Collect$$$$00000001)
    .ARM.Collect$$$$00000004                 0x080020f0   Section        4  entry5.o(.ARM.Collect$$$$00000004)
    .ARM.Collect$$$$00000008                 0x080020f4   Section        0  entry7b.o(.ARM.Collect$$$$00000008)
    .ARM.Collect$$$$0000000A                 0x080020f4   Section        0  entry8b.o(.ARM.Collect$$$$0000000A)
    .ARM.Collect$$$$0000000B                 0x080020f4   Section        8  entry9a.o(.ARM.Collect$$$$0000000B)
    .ARM.Collect$$$$0000000D                 0x080020fc   Section        0  entry10a.o(.ARM.Collect$$$$0000000D)
    .ARM.Collect$$$$0000000F                 0x080020fc   Section        0  entry11a.o(.ARM.Collect$$$$0000000F)
    .ARM.Collect$$$$00002712                 0x080020fc   Section        4  entry2.o(.ARM.Collect$$$$00002712)
    __lit__00000000                          0x080020fc   Data           4  entry2.o(.ARM.Collect$$$$00002712)
    .text                                    0x08002100   Section       36  startup_stm32f10x_md.o(.text)
    .text                                    0x08002124   Section      172  task_switch.o(.text)
    .text                                    0x080021d0   Section        0  fadd.o(.text)
    .text                                    0x08002280   Section        0  fmul.o(.text)
    .text                                    0x080022e4   Section        0  fdiv.o(.text)
    .text                                    0x08002360   Section        0  fflti.o(.text)
    .text                                    0x08002372   Section        0  ffltui.o(.text)
    .text                                    0x0800237c   Section        0  ffixi.o(.text)
    .text                                    0x080023ae   Section        0  ffixui.o(.text)
    .text                                    0x080023d8   Section       20  cfcmple.o(.text)
    .text                                    0x080023ec   Section       20  cfrcmple.o(.text)
    .text                                    0x08002400   Section        0  uldiv.o(.text)
    .text                                    0x08002462   Section        0  iusefp.o(.text)
    .text                                    0x08002462   Section        0  fepilogue.o(.text)
    .text                                    0x080024d0   Section       36  init.o(.text)
    .text                                    0x080024f4   Section        0  llshl.o(.text)
    .text                                    0x08002512   Section        0  llushr.o(.text)
    i.ADC1_DMA_toggle                        0x08002534   Section        0  adc1.o(i.ADC1_DMA_toggle)
    i.ADC1_Init                              0x08002550   Section        0  adc1.o(i.ADC1_Init)
    i.ADC1_SWSTART                           0x08002704   Section        0  adc1.o(i.ADC1_SWSTART)
    i.ADC1_StartConvert                      0x08002718   Section        0  adc1.o(i.ADC1_StartConvert)
    i.ADC_Task                               0x0800275c   Section        0  my_rtos.o(i.ADC_Task)
    i.BusFault_Handler                       0x08002798   Section        0  stm32f10x_it.o(i.BusFault_Handler)
    i.DMA1_ADC1_StartConvert                 0x0800279c   Section        0  dma1.o(i.DMA1_ADC1_StartConvert)
    i.DMA1_Channel1_IRQHandler               0x080027b0   Section        0  my_rtos.o(i.DMA1_Channel1_IRQHandler)
    i.DMA1_Init                              0x080027e0   Section        0  dma1.o(i.DMA1_Init)
    i.DMA1_Reset_CNDTR                       0x080028c0   Section        0  dma1.o(i.DMA1_Reset_CNDTR)
    i.DMA1_StartConvert                      0x080028f0   Section        0  dma1.o(i.DMA1_StartConvert)
    i.DebugMon_Handler                       0x08002910   Section        0  stm32f10x_it.o(i.DebugMon_Handler)
    i.Display_Task                           0x08002914   Section        0  my_rtos.o(i.Display_Task)
    i.ESP8266_CheckBufferedLen               0x08002acc   Section        0  esp8266.o(i.ESP8266_CheckBufferedLen)
    ESP8266_CheckBufferedLen                 0x08002acd   Thumb Code   158  esp8266.o(i.ESP8266_CheckBufferedLen)
    i.ESP8266_CloseConnection                0x08002b8c   Section        0  esp8266.o(i.ESP8266_CloseConnection)
    i.ESP8266_ConnectAP                      0x08002bbc   Section        0  esp8266.o(i.ESP8266_ConnectAP)
    i.ESP8266_Init                           0x08002c08   Section        0  esp8266.o(i.ESP8266_Init)
    i.ESP8266_IsAlive                        0x08002c70   Section        0  esp8266.o(i.ESP8266_IsAlive)
    i.ESP8266_ReadData                       0x08002ca8   Section        0  esp8266.o(i.ESP8266_ReadData)
    i.ESP8266_ResetClosedFlag                0x08002dbc   Section        0  esp8266.o(i.ESP8266_ResetClosedFlag)
    i.ESP8266_TCPConnect                     0x08002dc8   Section        0  esp8266.o(i.ESP8266_TCPConnect)
    i.ESP8266_WaitData                       0x08002e54   Section        0  esp8266.o(i.ESP8266_WaitData)
    i.Encoder_Get                            0x08002f54   Section        0  encoder.o(i.Encoder_Get)
    i.Encoder_Init                           0x08002f68   Section        0  encoder.o(i.Encoder_Init)
    i.GPIO_Init                              0x080030a8   Section        0  stm32f10x_gpio.o(i.GPIO_Init)
    i.GPIO_WriteBit                          0x080031be   Section        0  stm32f10x_gpio.o(i.GPIO_WriteBit)
    i.GuardFault_Handler                     0x080031c8   Section        0  my_rtos.o(i.GuardFault_Handler)
    i.HardFault_Diagnose                     0x080032f0   Section        0  my_rtos.o(i.HardFault_Diagnose)
    i.Key_GetNum                             0x0800363c   Section        0  key.o(i.Key_GetNum)
    i.Key_GetState                           0x08003658   Section        0  key.o(i.Key_GetState)
    i.Key_Init                               0x0800369c   Section        0  key.o(i.Key_Init)
    i.Key_Tick                               0x08003780   Section        0  key.o(i.Key_Tick)
    i.Led_Init                               0x080037b4   Section        0  led.o(i.Led_Init)
    i.Led_Off                                0x080037f4   Section        0  led.o(i.Led_Off)
    i.Led_On                                 0x08003808   Section        0  led.o(i.Led_On)
    i.MemManage_Handler                      0x0800381c   Section        0  stm32f10x_it.o(i.MemManage_Handler)
    i.Motor_Init                             0x08003820   Section        0  motor.o(i.Motor_Init)
    i.Motor_SetPWM                           0x0800387c   Section        0  motor.o(i.Motor_SetPWM)
    i.My_RTOS_Start                          0x080038fc   Section        0  my_rtos.o(i.My_RTOS_Start)
    i.NMI_Handler                            0x08003930   Section        0  stm32f10x_it.o(i.NMI_Handler)
    i.OLED_Clear                             0x08003932   Section        0  oled.o(i.OLED_Clear)
    i.OLED_I2C_Init                          0x0800395c   Section        0  oled.o(i.OLED_I2C_Init)
    i.OLED_I2C_SendByte                      0x080039ac   Section        0  oled.o(i.OLED_I2C_SendByte)
    i.OLED_I2C_Start                         0x08003a08   Section        0  oled.o(i.OLED_I2C_Start)
    i.OLED_I2C_Stop                          0x08003a3c   Section        0  oled.o(i.OLED_I2C_Stop)
    i.OLED_Init                              0x08003a64   Section        0  oled.o(i.OLED_Init)
    i.OLED_Pow                               0x08003b12   Section        0  oled.o(i.OLED_Pow)
    i.OLED_SetCursor                         0x08003b26   Section        0  oled.o(i.OLED_SetCursor)
    i.OLED_ShowChar                          0x08003b48   Section        0  oled.o(i.OLED_ShowChar)
    i.OLED_ShowNum                           0x08003bbc   Section        0  oled.o(i.OLED_ShowNum)
    i.OLED_ShowSignedNum                     0x08003c00   Section        0  oled.o(i.OLED_ShowSignedNum)
    i.OLED_ShowString                        0x08003c66   Section        0  oled.o(i.OLED_ShowString)
    i.OLED_WriteCommand                      0x08003c8e   Section        0  oled.o(i.OLED_WriteCommand)
    i.OLED_WriteData                         0x08003cae   Section        0  oled.o(i.OLED_WriteData)
    i.PID_Init                               0x08003cce   Section        0  pid.o(i.PID_Init)
    i.PID_Task                               0x08003ce0   Section        0  my_rtos.o(i.PID_Task)
    i.PID_Update                             0x08003dc0   Section        0  pid.o(i.PID_Update)
    i.PWM_Init                               0x08003e70   Section        0  pwm.o(i.PWM_Init)
    i.PWM_SetDutyCycle                       0x08003f10   Section        0  pwm.o(i.PWM_SetDutyCycle)
    i.Position_Task                          0x08003f20   Section        0  my_rtos.o(i.Position_Task)
    i.RCC_APB2PeriphClockCmd                 0x08003fd8   Section        0  stm32f10x_rcc.o(i.RCC_APB2PeriphClockCmd)
    i.SPI_Hard_Init                          0x08003ff8   Section        0  spi_hard.o(i.SPI_Hard_Init)
    i.SPI_Hard_SwapByte                      0x080040ac   Section        0  spi_hard.o(i.SPI_Hard_SwapByte)
    i.SetSysClock                            0x080040dc   Section        0  system_stm32f10x.o(i.SetSysClock)
    SetSysClock                              0x080040dd   Thumb Code     8  system_stm32f10x.o(i.SetSysClock)
    i.SetSysClockTo72                        0x080040e4   Section        0  system_stm32f10x.o(i.SetSysClockTo72)
    SetSysClockTo72                          0x080040e5   Thumb Code   214  system_stm32f10x.o(i.SetSysClockTo72)
    i.Start_Task                             0x080041c4   Section        0  my_rtos.o(i.Start_Task)
    i.SysTick_Handler                        0x08004358   Section        0  my_rtos.o(i.SysTick_Handler)
    i.SystemCoreClockUpdate                  0x08004380   Section        0  system_stm32f10x.o(i.SystemCoreClockUpdate)
    i.SystemInit                             0x08004424   Section        0  system_stm32f10x.o(i.SystemInit)
    i.TimerDaemon_Task                       0x08004478   Section        0  my_rtos.o(i.TimerDaemon_Task)
    i.USART1_IRQHandler                      0x080044a0   Section        0  usart.o(i.USART1_IRQHandler)
    i.Upgrade_Task                           0x080044f4   Section        0  my_rtos.o(i.Upgrade_Task)
    i.UsageFault_Handler                     0x08004788   Section        0  stm32f10x_it.o(i.UsageFault_Handler)
    i.Usart2_Flush                           0x0800478c   Section        0  usart2.o(i.Usart2_Flush)
    i.Usart2_Init                            0x080047c8   Section        0  usart2.o(i.Usart2_Init)
    i.Usart2_RecvByte                        0x08004838   Section        0  usart2.o(i.Usart2_RecvByte)
    i.Usart2_SendByte                        0x08004878   Section        0  usart2.o(i.Usart2_SendByte)
    i.Usart2_SendStr                         0x08004894   Section        0  usart2.o(i.Usart2_SendStr)
    i.Usart_ClearFlag                        0x080048ac   Section        0  usart.o(i.Usart_ClearFlag)
    i.Usart_ClearSize                        0x080048b8   Section        0  usart.o(i.Usart_ClearSize)
    i.Usart_Init                             0x080048c4   Section        0  usart.o(i.Usart_Init)
    i.Usart_IsDataReady                      0x080049dc   Section        0  usart.o(i.Usart_IsDataReady)
    i.Usart_MatchCmd                         0x080049e8   Section        0  usart.o(i.Usart_MatchCmd)
    i.Usart_TransmitChar                     0x08004a20   Section        0  usart.o(i.Usart_TransmitChar)
    i.W25Q64_Init                            0x08004a3c   Section        0  w25q64.o(i.W25Q64_Init)
    i.W25Q64_PageProgram                     0x08004a5c   Section        0  w25q64.o(i.W25Q64_PageProgram)
    W25Q64_PageProgram                       0x08004a5d   Thumb Code    94  w25q64.o(i.W25Q64_PageProgram)
    i.W25Q64_Read                            0x08004ac0   Section        0  w25q64.o(i.W25Q64_Read)
    i.W25Q64_ReadID                          0x08004b20   Section        0  w25q64.o(i.W25Q64_ReadID)
    i.W25Q64_ReadSR                          0x08004b68   Section        0  w25q64.o(i.W25Q64_ReadSR)
    W25Q64_ReadSR                            0x08004b69   Thumb Code    50  w25q64.o(i.W25Q64_ReadSR)
    i.W25Q64_SectorErase                     0x08004ba0   Section        0  w25q64.o(i.W25Q64_SectorErase)
    i.W25Q64_WaitBusy                        0x08004bec   Section        0  w25q64.o(i.W25Q64_WaitBusy)
    W25Q64_WaitBusy                          0x08004bed   Thumb Code    18  w25q64.o(i.W25Q64_WaitBusy)
    i.W25Q64_Write                           0x08004bfe   Section        0  w25q64.o(i.W25Q64_Write)
    i.W25Q64_WriteEnable                     0x08004c40   Section        0  w25q64.o(i.W25Q64_WriteEnable)
    W25Q64_WriteEnable                       0x08004c41   Thumb Code    40  w25q64.o(i.W25Q64_WriteEnable)
    i.__0printf$8                            0x08004c6c   Section        0  printf8.o(i.__0printf$8)
    i.__scatterload_copy                     0x08004c8c   Section       14  handlers.o(i.__scatterload_copy)
    i.__scatterload_null                     0x08004c9a   Section        2  handlers.o(i.__scatterload_null)
    i.__scatterload_zeroinit                 0x08004c9c   Section       14  handlers.o(i.__scatterload_zeroinit)
    i.__set_BASEPRI                          0x08004caa   Section        0  sched.o(i.__set_BASEPRI)
    __set_BASEPRI                            0x08004cab   Thumb Code     8  sched.o(i.__set_BASEPRI)
    i._printf_core                           0x08004cb4   Section        0  printf8.o(i._printf_core)
    _printf_core                             0x08004cb5   Thumb Code   996  printf8.o(i._printf_core)
    i._printf_post_padding                   0x080050c4   Section        0  printf8.o(i._printf_post_padding)
    _printf_post_padding                     0x080050c5   Thumb Code    36  printf8.o(i._printf_post_padding)
    i._printf_pre_padding                    0x080050e8   Section        0  printf8.o(i._printf_pre_padding)
    _printf_pre_padding                      0x080050e9   Thumb Code    46  printf8.o(i._printf_pre_padding)
    i.at_cmd                                 0x08005118   Section        0  esp8266.o(i.at_cmd)
    at_cmd                                   0x08005119   Thumb Code    34  esp8266.o(i.at_cmd)
    i.confirm_boot                           0x08005140   Section        0  my_rtos.o(i.confirm_boot)
    i.crc32_feed_buf                         0x08005174   Section        0  my_rtos.o(i.crc32_feed_buf)
    crc32_feed_buf                           0x08005175   Thumb Code    74  my_rtos.o(i.crc32_feed_buf)
    i.delay_list_tick                        0x080051c8   Section        0  task.o(i.delay_list_tick)
    i.drain_esp8266_buf                      0x080051fc   Section        0  my_rtos.o(i.drain_esp8266_buf)
    drain_esp8266_buf                        0x080051fd   Thumb Code    88  my_rtos.o(i.drain_esp8266_buf)
    i.enter_critical                         0x0800525c   Section        0  sched.o(i.enter_critical)
    i.event_group_clear                      0x08005270   Section        0  event_groups.o(i.event_group_clear)
    i.event_group_init                       0x0800528a   Section        0  event_groups.o(i.event_group_init)
    i.event_group_set                        0x08005292   Section        0  event_groups.o(i.event_group_set)
    i.event_group_wait                       0x08005314   Section        0  event_groups.o(i.event_group_wait)
    i.exit_critical                          0x080053ac   Section        0  sched.o(i.exit_critical)
    i.fputc                                  0x080053b8   Section        0  usart.o(i.fputc)
    i.key_scan_cb                            0x080053c8   Section        0  my_rtos.o(i.key_scan_cb)
    i.main                                   0x08005470   Section        0  main.o(i.main)
    i.my_memcpy                              0x080054d4   Section        0  queue.o(i.my_memcpy)
    my_memcpy                                0x080054d5   Thumb Code    20  queue.o(i.my_memcpy)
    i.need_preempt                           0x080054e8   Section        0  task.o(i.need_preempt)
    i.pend_to_list                           0x0800551c   Section        0  task.o(i.pend_to_list)
    i.queue_create                           0x0800553a   Section        0  queue.o(i.queue_create)
    i.queue_recv                             0x08005568   Section        0  queue.o(i.queue_recv)
    i.queue_send_from_isr                    0x080055f8   Section        0  queue.o(i.queue_send_from_isr)
    i.scheduler_add                          0x0800564c   Section        0  sched.o(i.scheduler_add)
    i.scheduler_add_from_isr                 0x08005698   Section        0  sched.o(i.scheduler_add_from_isr)
    i.scheduler_get_next                     0x080056d8   Section        0  sched.o(i.scheduler_get_next)
    i.scheduler_init                         0x0800571c   Section        0  sched.o(i.scheduler_init)
    i.scheduler_on_pendsv                    0x08005744   Section        0  sched.o(i.scheduler_on_pendsv)
    i.scheduler_tick_1ms                     0x080057c8   Section        0  sched.o(i.scheduler_tick_1ms)
    i.sem_give                               0x08005804   Section        0  semaphore.o(i.sem_give)
    i.sem_take                               0x0800583c   Section        0  semaphore.o(i.sem_take)
    i.systick_init_1ms                       0x08005884   Section        0  sched.o(i.systick_init_1ms)
    i.task_create                            0x080058ac   Section        0  task.o(i.task_create)
    i.task_notify                            0x08005918   Section        0  task.o(i.task_notify)
    i.task_notify_from_isr                   0x08005964   Section        0  task.o(i.task_notify_from_isr)
    i.task_notify_wait                       0x0800599c   Section        0  task.o(i.task_notify_wait)
    i.task_stack_init                        0x08005a10   Section        0  task.o(i.task_stack_init)
    i.timer_init                             0x08005aae   Section        0  timers.o(i.timer_init)
    i.timer_start                            0x08005ac4   Section        0  timers.o(i.timer_start)
    i.timer_tick                             0x08005b28   Section        0  timers.o(i.timer_tick)
    i.trigger_switch                         0x08005b88   Section        0  my_rtos.o(i.trigger_switch)
    trigger_switch                           0x08005b89   Thumb Code    16  my_rtos.o(i.trigger_switch)
    i.trigger_switch                         0x08005ba0   Section        0  sched.o(i.trigger_switch)
    trigger_switch                           0x08005ba1   Thumb Code    16  sched.o(i.trigger_switch)
    i.trigger_switch                         0x08005bb8   Section        0  task.o(i.trigger_switch)
    trigger_switch                           0x08005bb9   Thumb Code    16  task.o(i.trigger_switch)
    i.trigger_switch                         0x08005bd0   Section        0  queue.o(i.trigger_switch)
    trigger_switch                           0x08005bd1   Thumb Code    16  queue.o(i.trigger_switch)
    i.trigger_switch                         0x08005be8   Section        0  semaphore.o(i.trigger_switch)
    trigger_switch                           0x08005be9   Thumb Code    16  semaphore.o(i.trigger_switch)
    i.trigger_upgrade                        0x08005c00   Section        0  my_rtos.o(i.trigger_upgrade)
    i.vTaskSuspendAll                        0x08005c64   Section        0  sched.o(i.vTaskSuspendAll)
    i.wait_ipd_or_closed                     0x08005c70   Section        0  esp8266.o(i.wait_ipd_or_closed)
    wait_ipd_or_closed                       0x08005c71   Thumb Code   100  esp8266.o(i.wait_ipd_or_closed)
    i.wait_response                          0x08005cdc   Section        0  esp8266.o(i.wait_response)
    wait_response                            0x08005cdd   Thumb Code    76  esp8266.o(i.wait_response)
    i.wake_one                               0x08005d28   Section        0  task.o(i.wake_one)
    i.xTaskResumeAll                         0x08005d44   Section        0  sched.o(i.xTaskResumeAll)
    .constdata                               0x08005d50   Section     1520  oled.o(.constdata)
    .data                                    0x20000000   Section       20  system_stm32f10x.o(.data)
    .data                                    0x20000014   Section      140  my_rtos.o(.data)
    ota_crc                                  0x20000084   Data           4  my_rtos.o(.data)
    ota_w25_addr                             0x20000088   Data           4  my_rtos.o(.data)
    last_disp                                0x20000094   Data           4  my_rtos.o(.data)
    last_Target                              0x20000098   Data           4  my_rtos.o(.data)
    Position                                 0x2000009c   Data           4  my_rtos.o(.data)
    .data                                    0x200000a0   Section        1  motor.o(.data)
    Last_PWM                                 0x200000a0   Data           1  motor.o(.data)
    .data                                    0x200000a1   Section        3  key.o(.data)
    Key_Num                                  0x200000a1   Data           1  key.o(.data)
    PrevState                                0x200000a2   Data           1  key.o(.data)
    CurrState                                0x200000a3   Data           1  key.o(.data)
    .data                                    0x200000a4   Section        2  usart.o(.data)
    size                                     0x200000a4   Data           1  usart.o(.data)
    Usart1Over                               0x200000a5   Data           1  usart.o(.data)
    .data                                    0x200000a6   Section        1  esp8266.o(.data)
    g_closed_already                         0x200000a6   Data           1  esp8266.o(.data)
    .data                                    0x200000a8   Section       12  sched.o(.data)
    .data                                    0x200000b4   Section       12  task.o(.data)
    notify_blocked_list                      0x200000b4   Data           4  task.o(.data)
    delay_list_head                          0x200000bc   Data           4  task.o(.data)
    .data                                    0x200000c0   Section        4  timers.o(.data)
    timer_head                               0x200000c0   Data           4  timers.o(.data)
    .data                                    0x200000c4   Section        4  stdout.o(.data)
    .bss                                     0x200000c8   Section     2570  my_rtos.o(.bss)
    pkt                                      0x200008d2   Data         512  my_rtos.o(.bss)
    .bss                                     0x20000ad2   Section      100  usart.o(.bss)
    buffer                                   0x20000ad2   Data         100  usart.o(.bss)
    .bss                                     0x20000b38   Section       32  task.o(.bss)
    .bss                                     0x20000b58   Section       72  timers.o(.bss)
    STACK                                    0x20000ba0   Section     1024  startup_stm32f10x_md.o(STACK)
    TCB_BSS                                  0x20000fa0   Section        4  task_switch.o(TCB_BSS)

    Global Symbols

    Symbol Name                              Value     Ov Type        Size  Object(Section)

    BuildAttributes$$THM_ISAv4$P$D$K$B$S$PE$A:L22UL41UL21$X:L11$S22US41US21$IEEE1$IW$USESV6$~STKCKD$USESV7$~SHL$OTIME$ROPI$EBA8$MICROLIB$REQ8$PRES8$EABIv2 0x00000000   Number         0  anon$$obj.o ABSOLUTE
    __ARM_use_no_argv                        0x00000000   Number         0  main.o ABSOLUTE
    _printf_a                                0x00000000   Number         0  stubs.o ABSOLUTE
    _printf_c                                0x00000000   Number         0  stubs.o ABSOLUTE
    _printf_charcount                        0x00000000   Number         0  stubs.o ABSOLUTE
    _printf_d                                0x00000000   Number         0  stubs.o ABSOLUTE
    _printf_e                                0x00000000   Number         0  stubs.o ABSOLUTE
    _printf_f                                0x00000000   Number         0  stubs.o ABSOLUTE
    _printf_flags                            0x00000000   Number         0  stubs.o ABSOLUTE
    _printf_fp_dec                           0x00000000   Number         0  stubs.o ABSOLUTE
    _printf_fp_hex                           0x00000000   Number         0  stubs.o ABSOLUTE
    _printf_g                                0x00000000   Number         0  stubs.o ABSOLUTE
    _printf_i                                0x00000000   Number         0  stubs.o ABSOLUTE
    _printf_int_dec                          0x00000000   Number         0  stubs.o ABSOLUTE
    _printf_l                                0x00000000   Number         0  stubs.o ABSOLUTE
    _printf_lc                               0x00000000   Number         0  stubs.o ABSOLUTE
    _printf_ll                               0x00000000   Number         0  stubs.o ABSOLUTE
    _printf_lld                              0x00000000   Number         0  stubs.o ABSOLUTE
    _printf_lli                              0x00000000   Number         0  stubs.o ABSOLUTE
    _printf_llo                              0x00000000   Number         0  stubs.o ABSOLUTE
    _printf_llu                              0x00000000   Number         0  stubs.o ABSOLUTE
    _printf_llx                              0x00000000   Number         0  stubs.o ABSOLUTE
    _printf_longlong_dec                     0x00000000   Number         0  stubs.o ABSOLUTE
    _printf_longlong_hex                     0x00000000   Number         0  stubs.o ABSOLUTE
    _printf_longlong_oct                     0x00000000   Number         0  stubs.o ABSOLUTE
    _printf_ls                               0x00000000   Number         0  stubs.o ABSOLUTE
    _printf_mbtowc                           0x00000000   Number         0  stubs.o ABSOLUTE
    _printf_n                                0x00000000   Number         0  stubs.o ABSOLUTE
    _printf_o                                0x00000000   Number         0  stubs.o ABSOLUTE
    _printf_p                                0x00000000   Number         0  stubs.o ABSOLUTE
    _printf_percent                          0x00000000   Number         0  stubs.o ABSOLUTE
    _printf_pre_padding                      0x00000000   Number         0  stubs.o ABSOLUTE
    _printf_return_value                     0x00000000   Number         0  stubs.o ABSOLUTE
    _printf_s                                0x00000000   Number         0  stubs.o ABSOLUTE
    _printf_sizespec                         0x00000000   Number         0  stubs.o ABSOLUTE
    _printf_str                              0x00000000   Number         0  stubs.o ABSOLUTE
    _printf_truncate_signed                  0x00000000   Number         0  stubs.o ABSOLUTE
    _printf_truncate_unsigned                0x00000000   Number         0  stubs.o ABSOLUTE
    _printf_u                                0x00000000   Number         0  stubs.o ABSOLUTE
    _printf_wc                               0x00000000   Number         0  stubs.o ABSOLUTE
    _printf_wctomb                           0x00000000   Number         0  stubs.o ABSOLUTE
    _printf_widthprec                        0x00000000   Number         0  stubs.o ABSOLUTE
    _printf_x                                0x00000000   Number         0  stubs.o ABSOLUTE
    __cpp_initialize__aeabi_                  - Undefined Weak Reference
    __cxa_finalize                            - Undefined Weak Reference
    __decompress                              - Undefined Weak Reference
    _clock_init                               - Undefined Weak Reference
    _microlib_exit                            - Undefined Weak Reference
    __Vectors_Size                           0x000000ec   Number         0  startup_stm32f10x_md.o ABSOLUTE
    __Vectors                                0x08002000   Data           4  startup_stm32f10x_md.o(RESET)
    __Vectors_End                            0x080020ec   Data           0  startup_stm32f10x_md.o(RESET)
    __main                                   0x080020ed   Thumb Code     0  entry.o(.ARM.Collect$$$$00000000)
    _main_stk                                0x080020ed   Thumb Code     0  entry2.o(.ARM.Collect$$$$00000001)
    _main_scatterload                        0x080020f1   Thumb Code     0  entry5.o(.ARM.Collect$$$$00000004)
    __main_after_scatterload                 0x080020f5   Thumb Code     0  entry5.o(.ARM.Collect$$$$00000004)
    _main_clock                              0x080020f5   Thumb Code     0  entry7b.o(.ARM.Collect$$$$00000008)
    _main_cpp_init                           0x080020f5   Thumb Code     0  entry8b.o(.ARM.Collect$$$$0000000A)
    _main_init                               0x080020f5   Thumb Code     0  entry9a.o(.ARM.Collect$$$$0000000B)
    __rt_final_cpp                           0x080020fd   Thumb Code     0  entry10a.o(.ARM.Collect$$$$0000000D)
    __rt_final_exit                          0x080020fd   Thumb Code     0  entry11a.o(.ARM.Collect$$$$0000000F)
    Reset_Handler                            0x08002101   Thumb Code     8  startup_stm32f10x_md.o(.text)
    ADC1_2_IRQHandler                        0x0800211b   Thumb Code     0  startup_stm32f10x_md.o(.text)
    CAN1_RX1_IRQHandler                      0x0800211b   Thumb Code     0  startup_stm32f10x_md.o(.text)
    CAN1_SCE_IRQHandler                      0x0800211b   Thumb Code     0  startup_stm32f10x_md.o(.text)
    DMA1_Channel2_IRQHandler                 0x0800211b   Thumb Code     0  startup_stm32f10x_md.o(.text)
    DMA1_Channel3_IRQHandler                 0x0800211b   Thumb Code     0  startup_stm32f10x_md.o(.text)
    DMA1_Channel4_IRQHandler                 0x0800211b   Thumb Code     0  startup_stm32f10x_md.o(.text)
    DMA1_Channel5_IRQHandler                 0x0800211b   Thumb Code     0  startup_stm32f10x_md.o(.text)
    DMA1_Channel6_IRQHandler                 0x0800211b   Thumb Code     0  startup_stm32f10x_md.o(.text)
    DMA1_Channel7_IRQHandler                 0x0800211b   Thumb Code     0  startup_stm32f10x_md.o(.text)
    EXTI0_IRQHandler                         0x0800211b   Thumb Code     0  startup_stm32f10x_md.o(.text)
    EXTI15_10_IRQHandler                     0x0800211b   Thumb Code     0  startup_stm32f10x_md.o(.text)
    EXTI1_IRQHandler                         0x0800211b   Thumb Code     0  startup_stm32f10x_md.o(.text)
    EXTI2_IRQHandler                         0x0800211b   Thumb Code     0  startup_stm32f10x_md.o(.text)
    EXTI3_IRQHandler                         0x0800211b   Thumb Code     0  startup_stm32f10x_md.o(.text)
    EXTI4_IRQHandler                         0x0800211b   Thumb Code     0  startup_stm32f10x_md.o(.text)
    EXTI9_5_IRQHandler                       0x0800211b   Thumb Code     0  startup_stm32f10x_md.o(.text)
    FLASH_IRQHandler                         0x0800211b   Thumb Code     0  startup_stm32f10x_md.o(.text)
    I2C1_ER_IRQHandler                       0x0800211b   Thumb Code     0  startup_stm32f10x_md.o(.text)
    I2C1_EV_IRQHandler                       0x0800211b   Thumb Code     0  startup_stm32f10x_md.o(.text)
    I2C2_ER_IRQHandler                       0x0800211b   Thumb Code     0  startup_stm32f10x_md.o(.text)
    I2C2_EV_IRQHandler                       0x0800211b   Thumb Code     0  startup_stm32f10x_md.o(.text)
    PVD_IRQHandler                           0x0800211b   Thumb Code     0  startup_stm32f10x_md.o(.text)
    RCC_IRQHandler                           0x0800211b   Thumb Code     0  startup_stm32f10x_md.o(.text)
    RTCAlarm_IRQHandler                      0x0800211b   Thumb Code     0  startup_stm32f10x_md.o(.text)
    RTC_IRQHandler                           0x0800211b   Thumb Code     0  startup_stm32f10x_md.o(.text)
    SPI1_IRQHandler                          0x0800211b   Thumb Code     0  startup_stm32f10x_md.o(.text)
    SPI2_IRQHandler                          0x0800211b   Thumb Code     0  startup_stm32f10x_md.o(.text)
    TAMPER_IRQHandler                        0x0800211b   Thumb Code     0  startup_stm32f10x_md.o(.text)
    TIM1_BRK_IRQHandler                      0x0800211b   Thumb Code     0  startup_stm32f10x_md.o(.text)
    TIM1_CC_IRQHandler                       0x0800211b   Thumb Code     0  startup_stm32f10x_md.o(.text)
    TIM1_TRG_COM_IRQHandler                  0x0800211b   Thumb Code     0  startup_stm32f10x_md.o(.text)
    TIM1_UP_IRQHandler                       0x0800211b   Thumb Code     0  startup_stm32f10x_md.o(.text)
    TIM2_IRQHandler                          0x0800211b   Thumb Code     0  startup_stm32f10x_md.o(.text)
    TIM3_IRQHandler                          0x0800211b   Thumb Code     0  startup_stm32f10x_md.o(.text)
    TIM4_IRQHandler                          0x0800211b   Thumb Code     0  startup_stm32f10x_md.o(.text)
    USART2_IRQHandler                        0x0800211b   Thumb Code     0  startup_stm32f10x_md.o(.text)
    USART3_IRQHandler                        0x0800211b   Thumb Code     0  startup_stm32f10x_md.o(.text)
    USBWakeUp_IRQHandler                     0x0800211b   Thumb Code     0  startup_stm32f10x_md.o(.text)
    USB_HP_CAN1_TX_IRQHandler                0x0800211b   Thumb Code     0  startup_stm32f10x_md.o(.text)
    USB_LP_CAN1_RX0_IRQHandler               0x0800211b   Thumb Code     0  startup_stm32f10x_md.o(.text)
    WWDG_IRQHandler                          0x0800211b   Thumb Code     0  startup_stm32f10x_md.o(.text)
    start_scheduler                          0x08002125   Thumb Code     0  task_switch.o(.text)
    SVC_Handler                              0x0800214d   Thumb Code     0  task_switch.o(.text)
    HardFault_Handler                        0x0800215d   Thumb Code     0  task_switch.o(.text)
    PendSV_Handler                           0x0800216f   Thumb Code     0  task_switch.o(.text)
    __aeabi_fadd                             0x080021d1   Thumb Code   164  fadd.o(.text)
    __aeabi_fsub                             0x08002275   Thumb Code     6  fadd.o(.text)
    __aeabi_frsub                            0x0800227b   Thumb Code     6  fadd.o(.text)
    __aeabi_fmul                             0x08002281   Thumb Code   100  fmul.o(.text)
    __aeabi_fdiv                             0x080022e5   Thumb Code   124  fdiv.o(.text)
    __aeabi_i2f                              0x08002361   Thumb Code    18  fflti.o(.text)
    __aeabi_ui2f                             0x08002373   Thumb Code    10  ffltui.o(.text)
    __aeabi_f2iz                             0x0800237d   Thumb Code    50  ffixi.o(.text)
    __aeabi_f2uiz                            0x080023af   Thumb Code    40  ffixui.o(.text)
    __aeabi_cfcmpeq                          0x080023d9   Thumb Code     0  cfcmple.o(.text)
    __aeabi_cfcmple                          0x080023d9   Thumb Code    20  cfcmple.o(.text)
    __aeabi_cfrcmple                         0x080023ed   Thumb Code    20  cfrcmple.o(.text)
    __aeabi_uldivmod                         0x08002401   Thumb Code    98  uldiv.o(.text)
    __I$use$fp                               0x08002463   Thumb Code     0  iusefp.o(.text)
    _float_round                             0x08002463   Thumb Code    18  fepilogue.o(.text)
    _float_epilogue                          0x08002475   Thumb Code    92  fepilogue.o(.text)
    __scatterload                            0x080024d1   Thumb Code    28  init.o(.text)
    __scatterload_rt2                        0x080024d1   Thumb Code     0  init.o(.text)
    __aeabi_llsl                             0x080024f5   Thumb Code    30  llshl.o(.text)
    _ll_shift_l                              0x080024f5   Thumb Code     0  llshl.o(.text)
    __aeabi_llsr                             0x08002513   Thumb Code    32  llushr.o(.text)
    _ll_ushift_r                             0x08002513   Thumb Code     0  llushr.o(.text)
    ADC1_DMA_toggle                          0x08002535   Thumb Code    24  adc1.o(i.ADC1_DMA_toggle)
    ADC1_Init                                0x08002551   Thumb Code   418  adc1.o(i.ADC1_Init)
    ADC1_SWSTART                             0x08002705   Thumb Code    14  adc1.o(i.ADC1_SWSTART)
    ADC1_StartConvert                        0x08002719   Thumb Code    64  adc1.o(i.ADC1_StartConvert)
    ADC_Task                                 0x0800275d   Thumb Code    48  my_rtos.o(i.ADC_Task)
    BusFault_Handler                         0x08002799   Thumb Code     4  stm32f10x_it.o(i.BusFault_Handler)
    DMA1_ADC1_StartConvert                   0x0800279d   Thumb Code    20  dma1.o(i.DMA1_ADC1_StartConvert)
    DMA1_Channel1_IRQHandler                 0x080027b1   Thumb Code    40  my_rtos.o(i.DMA1_Channel1_IRQHandler)
    DMA1_Init                                0x080027e1   Thumb Code   202  dma1.o(i.DMA1_Init)
    DMA1_Reset_CNDTR                         0x080028c1   Thumb Code    44  dma1.o(i.DMA1_Reset_CNDTR)
    DMA1_StartConvert                        0x080028f1   Thumb Code    22  dma1.o(i.DMA1_StartConvert)
    DebugMon_Handler                         0x08002911   Thumb Code     2  stm32f10x_it.o(i.DebugMon_Handler)
    Display_Task                             0x08002915   Thumb Code   350  my_rtos.o(i.Display_Task)
    ESP8266_CloseConnection                  0x08002b8d   Thumb Code    24  esp8266.o(i.ESP8266_CloseConnection)
    ESP8266_ConnectAP                        0x08002bbd   Thumb Code    52  esp8266.o(i.ESP8266_ConnectAP)
    ESP8266_Init                             0x08002c09   Thumb Code    60  esp8266.o(i.ESP8266_Init)
    ESP8266_IsAlive                          0x08002c71   Thumb Code    42  esp8266.o(i.ESP8266_IsAlive)
    ESP8266_ReadData                         0x08002ca9   Thumb Code   238  esp8266.o(i.ESP8266_ReadData)
    ESP8266_ResetClosedFlag                  0x08002dbd   Thumb Code     8  esp8266.o(i.ESP8266_ResetClosedFlag)
    ESP8266_TCPConnect                       0x08002dc9   Thumb Code   104  esp8266.o(i.ESP8266_TCPConnect)
    ESP8266_WaitData                         0x08002e55   Thumb Code   252  esp8266.o(i.ESP8266_WaitData)
    Encoder_Get                              0x08002f55   Thumb Code    14  encoder.o(i.Encoder_Get)
    Encoder_Init                             0x08002f69   Thumb Code   308  encoder.o(i.Encoder_Init)
    GPIO_Init                                0x080030a9   Thumb Code   278  stm32f10x_gpio.o(i.GPIO_Init)
    GPIO_WriteBit                            0x080031bf   Thumb Code    10  stm32f10x_gpio.o(i.GPIO_WriteBit)
    GuardFault_Handler                       0x080031c9   Thumb Code    62  my_rtos.o(i.GuardFault_Handler)
    HardFault_Diagnose                       0x080032f1   Thumb Code   334  my_rtos.o(i.HardFault_Diagnose)
    Key_GetNum                               0x0800363d   Thumb Code    24  key.o(i.Key_GetNum)
    Key_GetState                             0x08003659   Thumb Code    60  key.o(i.Key_GetState)
    Key_Init                                 0x0800369d   Thumb Code   216  key.o(i.Key_Init)
    Key_Tick                                 0x08003781   Thumb Code    40  key.o(i.Key_Tick)
    Led_Init                                 0x080037b5   Thumb Code    56  led.o(i.Led_Init)
    Led_Off                                  0x080037f5   Thumb Code    14  led.o(i.Led_Off)
    Led_On                                   0x08003809   Thumb Code    14  led.o(i.Led_On)
    MemManage_Handler                        0x0800381d   Thumb Code     4  stm32f10x_it.o(i.MemManage_Handler)
    Motor_Init                               0x08003821   Thumb Code    82  motor.o(i.Motor_Init)
    Motor_SetPWM                             0x0800387d   Thumb Code   118  motor.o(i.Motor_SetPWM)
    My_RTOS_Start                            0x080038fd   Thumb Code    38  my_rtos.o(i.My_RTOS_Start)
    NMI_Handler                              0x08003931   Thumb Code     2  stm32f10x_it.o(i.NMI_Handler)
    OLED_Clear                               0x08003933   Thumb Code    42  oled.o(i.OLED_Clear)
    OLED_I2C_Init                            0x0800395d   Thumb Code    76  oled.o(i.OLED_I2C_Init)
    OLED_I2C_SendByte                        0x080039ad   Thumb Code    88  oled.o(i.OLED_I2C_SendByte)
    OLED_I2C_Start                           0x08003a09   Thumb Code    48  oled.o(i.OLED_I2C_Start)
    OLED_I2C_Stop                            0x08003a3d   Thumb Code    36  oled.o(i.OLED_I2C_Stop)
    OLED_Init                                0x08003a65   Thumb Code   174  oled.o(i.OLED_Init)
    OLED_Pow                                 0x08003b13   Thumb Code    20  oled.o(i.OLED_Pow)
    OLED_SetCursor                           0x08003b27   Thumb Code    34  oled.o(i.OLED_SetCursor)
    OLED_ShowChar                            0x08003b49   Thumb Code   110  oled.o(i.OLED_ShowChar)
    OLED_ShowNum                             0x08003bbd   Thumb Code    68  oled.o(i.OLED_ShowNum)
    OLED_ShowSignedNum                       0x08003c01   Thumb Code   102  oled.o(i.OLED_ShowSignedNum)
    OLED_ShowString                          0x08003c67   Thumb Code    40  oled.o(i.OLED_ShowString)
    OLED_WriteCommand                        0x08003c8f   Thumb Code    32  oled.o(i.OLED_WriteCommand)
    OLED_WriteData                           0x08003caf   Thumb Code    32  oled.o(i.OLED_WriteData)
    PID_Init                                 0x08003ccf   Thumb Code    16  pid.o(i.PID_Init)
    PID_Task                                 0x08003ce1   Thumb Code   186  my_rtos.o(i.PID_Task)
    PID_Update                               0x08003dc1   Thumb Code   174  pid.o(i.PID_Update)
    PWM_Init                                 0x08003e71   Thumb Code   152  pwm.o(i.PWM_Init)
    PWM_SetDutyCycle                         0x08003f11   Thumb Code    14  pwm.o(i.PWM_SetDutyCycle)
    Position_Task                            0x08003f21   Thumb Code   154  my_rtos.o(i.Position_Task)
    RCC_APB2PeriphClockCmd                   0x08003fd9   Thumb Code    26  stm32f10x_rcc.o(i.RCC_APB2PeriphClockCmd)
    SPI_Hard_Init                            0x08003ff9   Thumb Code   166  spi_hard.o(i.SPI_Hard_Init)
    SPI_Hard_SwapByte                        0x080040ad   Thumb Code    42  spi_hard.o(i.SPI_Hard_SwapByte)
    Start_Task                               0x080041c5   Thumb Code   280  my_rtos.o(i.Start_Task)
    SysTick_Handler                          0x08004359   Thumb Code    34  my_rtos.o(i.SysTick_Handler)
    SystemCoreClockUpdate                    0x08004381   Thumb Code   142  system_stm32f10x.o(i.SystemCoreClockUpdate)
    SystemInit                               0x08004425   Thumb Code    70  system_stm32f10x.o(i.SystemInit)
    TimerDaemon_Task                         0x08004479   Thumb Code    34  my_rtos.o(i.TimerDaemon_Task)
    USART1_IRQHandler                        0x080044a1   Thumb Code    68  usart.o(i.USART1_IRQHandler)
    Upgrade_Task                             0x080044f5   Thumb Code   338  my_rtos.o(i.Upgrade_Task)
    UsageFault_Handler                       0x08004789   Thumb Code     4  stm32f10x_it.o(i.UsageFault_Handler)
    Usart2_Flush                             0x0800478d   Thumb Code    56  usart2.o(i.Usart2_Flush)
    Usart2_Init                              0x080047c9   Thumb Code    94  usart2.o(i.Usart2_Init)
    Usart2_RecvByte                          0x08004839   Thumb Code    58  usart2.o(i.Usart2_RecvByte)
    Usart2_SendByte                          0x08004879   Thumb Code    22  usart2.o(i.Usart2_SendByte)
    Usart2_SendStr                           0x08004895   Thumb Code    22  usart2.o(i.Usart2_SendStr)
    Usart_ClearFlag                          0x080048ad   Thumb Code     8  usart.o(i.Usart_ClearFlag)
    Usart_ClearSize                          0x080048b9   Thumb Code     8  usart.o(i.Usart_ClearSize)
    Usart_Init                               0x080048c5   Thumb Code   254  usart.o(i.Usart_Init)
    Usart_IsDataReady                        0x080049dd   Thumb Code     6  usart.o(i.Usart_IsDataReady)
    Usart_MatchCmd                           0x080049e9   Thumb Code    48  usart.o(i.Usart_MatchCmd)
    Usart_TransmitChar                       0x08004a21   Thumb Code    22  usart.o(i.Usart_TransmitChar)
    W25Q64_Init                              0x08004a3d   Thumb Code    28  w25q64.o(i.W25Q64_Init)
    W25Q64_Read                              0x08004ac1   Thumb Code    90  w25q64.o(i.W25Q64_Read)
    W25Q64_ReadID                            0x08004b21   Thumb Code    68  w25q64.o(i.W25Q64_ReadID)
    W25Q64_SectorErase                       0x08004ba1   Thumb Code    72  w25q64.o(i.W25Q64_SectorErase)
    W25Q64_Write                             0x08004bff   Thumb Code    64  w25q64.o(i.W25Q64_Write)
    __0printf$8                              0x08004c6d   Thumb Code    22  printf8.o(i.__0printf$8)
    __1printf$8                              0x08004c6d   Thumb Code     0  printf8.o(i.__0printf$8)
    __2printf                                0x08004c6d   Thumb Code     0  printf8.o(i.__0printf$8)
    __scatterload_copy                       0x08004c8d   Thumb Code    14  handlers.o(i.__scatterload_copy)
    __scatterload_null                       0x08004c9b   Thumb Code     2  handlers.o(i.__scatterload_null)
    __scatterload_zeroinit                   0x08004c9d   Thumb Code    14  handlers.o(i.__scatterload_zeroinit)
    confirm_boot                             0x08005141   Thumb Code    38  my_rtos.o(i.confirm_boot)
    delay_list_tick                          0x080051c9   Thumb Code    48  task.o(i.delay_list_tick)
    enter_critical                           0x0800525d   Thumb Code    20  sched.o(i.enter_critical)
    event_group_clear                        0x08005271   Thumb Code    26  event_groups.o(i.event_group_clear)
    event_group_init                         0x0800528b   Thumb Code     8  event_groups.o(i.event_group_init)
    event_group_set                          0x08005293   Thumb Code   130  event_groups.o(i.event_group_set)
    event_group_wait                         0x08005315   Thumb Code   138  event_groups.o(i.event_group_wait)
    exit_critical                            0x080053ad   Thumb Code    12  sched.o(i.exit_critical)
    fputc                                    0x080053b9   Thumb Code    16  usart.o(i.fputc)
    key_scan_cb                              0x080053c9   Thumb Code   150  my_rtos.o(i.key_scan_cb)
    main                                     0x08005471   Thumb Code    86  main.o(i.main)
    need_preempt                             0x080054e9   Thumb Code    46  task.o(i.need_preempt)
    pend_to_list                             0x0800551d   Thumb Code    30  task.o(i.pend_to_list)
    queue_create                             0x0800553b   Thumb Code    46  queue.o(i.queue_create)
    queue_recv                               0x08005569   Thumb Code   138  queue.o(i.queue_recv)
    queue_send_from_isr                      0x080055f9   Thumb Code    82  queue.o(i.queue_send_from_isr)
    scheduler_add                            0x0800564d   Thumb Code    66  sched.o(i.scheduler_add)
    scheduler_add_from_isr                   0x08005699   Thumb Code    56  sched.o(i.scheduler_add_from_isr)
    scheduler_get_next                       0x080056d9   Thumb Code    62  sched.o(i.scheduler_get_next)
    scheduler_init                           0x0800571d   Thumb Code    32  sched.o(i.scheduler_init)
    scheduler_on_pendsv                      0x08005745   Thumb Code   114  sched.o(i.scheduler_on_pendsv)
    scheduler_tick_1ms                       0x080057c9   Thumb Code    46  sched.o(i.scheduler_tick_1ms)
    sem_give                                 0x08005805   Thumb Code    52  semaphore.o(i.sem_give)
    sem_take                                 0x0800583d   Thumb Code    68  semaphore.o(i.sem_take)
    systick_init_1ms                         0x08005885   Thumb Code    36  sched.o(i.systick_init_1ms)
    task_create                              0x080058ad   Thumb Code   100  task.o(i.task_create)
    task_notify                              0x08005919   Thumb Code    72  task.o(i.task_notify)
    task_notify_from_isr                     0x08005965   Thumb Code    52  task.o(i.task_notify_from_isr)
    task_notify_wait                         0x0800599d   Thumb Code   106  task.o(i.task_notify_wait)
    task_stack_init                          0x08005a11   Thumb Code   158  task.o(i.task_stack_init)
    timer_init                               0x08005aaf   Thumb Code    22  timers.o(i.timer_init)
    timer_start                              0x08005ac5   Thumb Code    96  timers.o(i.timer_start)
    timer_tick                               0x08005b29   Thumb Code    86  timers.o(i.timer_tick)
    trigger_upgrade                          0x08005c01   Thumb Code    78  my_rtos.o(i.trigger_upgrade)
    vTaskSuspendAll                          0x08005c65   Thumb Code     8  sched.o(i.vTaskSuspendAll)
    wake_one                                 0x08005d29   Thumb Code    28  task.o(i.wake_one)
    xTaskResumeAll                           0x08005d45   Thumb Code     8  sched.o(i.xTaskResumeAll)
    OLED_F8x16                               0x08005d50   Data        1520  oled.o(.constdata)
    Region$$Table$$Base                      0x08006340   Number         0  anon$$obj.o(Region$$Table)
    Region$$Table$$Limit                     0x08006360   Number         0  anon$$obj.o(Region$$Table)
    SystemCoreClock                          0x20000000   Data           4  system_stm32f10x.o(.data)
    AHBPrescTable                            0x20000004   Data          16  system_stm32f10x.o(.data)
    ctrl_eg                                  0x20000014   Data           8  my_rtos.o(.data)
    AnglePID                                 0x2000001c   Data          52  my_rtos.o(.data)
    PositionPID                              0x20000050   Data          52  my_rtos.o(.data)
    upgrade_sem                              0x2000008c   Data           8  my_rtos.o(.data)
    slice_ticks                              0x200000a8   Data           4  sched.o(.data)
    slice_expired                            0x200000ac   Data           1  sched.o(.data)
    scheduler_suspended                      0x200000b0   Data           4  sched.o(.data)
    system_tick                              0x200000b8   Data           4  task.o(.data)
    __stdout                                 0x200000c4   Data           4  stdout.o(.data)
    PID_Task_Handler                         0x200000c8   Data          56  my_rtos.o(.bss)
    PID_Task_Stack                           0x20000100   Data         208  my_rtos.o(.bss)
    Position_Task_Handler                    0x200001d0   Data          56  my_rtos.o(.bss)
    Position_Task_Stack                      0x20000208   Data         208  my_rtos.o(.bss)
    ADC_Task_Handler                         0x200002d8   Data          56  my_rtos.o(.bss)
    ADC_Task_Stack                           0x20000310   Data         208  my_rtos.o(.bss)
    Display_Task_Handler                     0x200003e0   Data          56  my_rtos.o(.bss)
    Display_Task_Stack                       0x20000418   Data         208  my_rtos.o(.bss)
    TimerDaemon_Task_Handler                 0x200004e8   Data          56  my_rtos.o(.bss)
    TimerDaemon_Task_Stack                   0x20000520   Data         208  my_rtos.o(.bss)
    Upgrade_Task_Handler                     0x200005f0   Data          56  my_rtos.o(.bss)
    Upgrade_Task_Stack                       0x20000628   Data         408  my_rtos.o(.bss)
    Start_Task_Handler                       0x200007c0   Data          56  my_rtos.o(.bss)
    Start_Task_Stack                         0x200007f8   Data         208  my_rtos.o(.bss)
    ADC1_Buffer                              0x200008c8   Data          10  my_rtos.o(.bss)
    ready_queues                             0x20000b38   Data          32  task.o(.bss)
    timer_queue                              0x20000b58   Data          32  timers.o(.bss)
    timer_queue_buf                          0x20000b78   Data          40  timers.o(.bss)
    __initial_sp                             0x20000fa0   Data           0  startup_stm32f10x_md.o(STACK)
    current_tcb                              0x20000fa0   Data           0  task_switch.o(TCB_BSS)



==============================================================================

Memory Map of the image

  Image Entry point : 0x080020ed

  Load Region LR_IROM1 (Base: 0x08002000, Size: 0x00004428, Max: 0x00006000, ABSOLUTE)

    Execution Region ER_IROM1 (Exec base: 0x08002000, Load base: 0x08002000, Size: 0x00004360, Max: 0x00006000, ABSOLUTE)

    Exec Addr    Load Addr    Size         Type   Attr      Idx    E Section Name        Object

    0x08002000   0x08002000   0x000000ec   Data   RO          132    RESET               startup_stm32f10x_md.o
    0x080020ec   0x080020ec   0x00000000   Code   RO         4500  * .ARM.Collect$$$$00000000  mc_w.l(entry.o)
    0x080020ec   0x080020ec   0x00000004   Code   RO         4782    .ARM.Collect$$$$00000001  mc_w.l(entry2.o)
    0x080020f0   0x080020f0   0x00000004   Code   RO         4785    .ARM.Collect$$$$00000004  mc_w.l(entry5.o)
    0x080020f4   0x080020f4   0x00000000   Code   RO         4787    .ARM.Collect$$$$00000008  mc_w.l(entry7b.o)
    0x080020f4   0x080020f4   0x00000000   Code   RO         4789    .ARM.Collect$$$$0000000A  mc_w.l(entry8b.o)
    0x080020f4   0x080020f4   0x00000008   Code   RO         4790    .ARM.Collect$$$$0000000B  mc_w.l(entry9a.o)
    0x080020fc   0x080020fc   0x00000000   Code   RO         4792    .ARM.Collect$$$$0000000D  mc_w.l(entry10a.o)
    0x080020fc   0x080020fc   0x00000000   Code   RO         4794    .ARM.Collect$$$$0000000F  mc_w.l(entry11a.o)
    0x080020fc   0x080020fc   0x00000004   Code   RO         4783    .ARM.Collect$$$$00002712  mc_w.l(entry2.o)
    0x08002100   0x08002100   0x00000024   Code   RO          133    .text               startup_stm32f10x_md.o
    0x08002124   0x08002124   0x000000ac   Code   RO         4176    .text               task_switch.o
    0x080021d0   0x080021d0   0x000000b0   Code   RO         4764    .text               mf_w.l(fadd.o)
    0x08002280   0x08002280   0x00000064   Code   RO         4766    .text               mf_w.l(fmul.o)
    0x080022e4   0x080022e4   0x0000007c   Code   RO         4768    .text               mf_w.l(fdiv.o)
    0x08002360   0x08002360   0x00000012   Code   RO         4770    .text               mf_w.l(fflti.o)
    0x08002372   0x08002372   0x0000000a   Code   RO         4772    .text               mf_w.l(ffltui.o)
    0x0800237c   0x0800237c   0x00000032   Code   RO         4774    .text               mf_w.l(ffixi.o)
    0x080023ae   0x080023ae   0x00000028   Code   RO         4776    .text               mf_w.l(ffixui.o)
    0x080023d6   0x080023d6   0x00000002   PAD
    0x080023d8   0x080023d8   0x00000014   Code   RO         4778    .text               mf_w.l(cfcmple.o)
    0x080023ec   0x080023ec   0x00000014   Code   RO         4780    .text               mf_w.l(cfrcmple.o)
    0x08002400   0x08002400   0x00000062   Code   RO         4799    .text               mc_w.l(uldiv.o)
    0x08002462   0x08002462   0x00000000   Code   RO         4801    .text               mc_w.l(iusefp.o)
    0x08002462   0x08002462   0x0000006e   Code   RO         4802    .text               mf_w.l(fepilogue.o)
    0x080024d0   0x080024d0   0x00000024   Code   RO         4814    .text               mc_w.l(init.o)
    0x080024f4   0x080024f4   0x0000001e   Code   RO         4816    .text               mc_w.l(llshl.o)
    0x08002512   0x08002512   0x00000020   Code   RO         4818    .text               mc_w.l(llushr.o)
    0x08002532   0x08002532   0x00000002   PAD
    0x08002534   0x08002534   0x0000001c   Code   RO         3681    i.ADC1_DMA_toggle   adc1.o
    0x08002550   0x08002550   0x000001b4   Code   RO         3682    i.ADC1_Init         adc1.o
    0x08002704   0x08002704   0x00000014   Code   RO         3683    i.ADC1_SWSTART      adc1.o
    0x08002718   0x08002718   0x00000044   Code   RO         3684    i.ADC1_StartConvert  adc1.o
    0x0800275c   0x0800275c   0x0000003c   Code   RO         3271    i.ADC_Task          my_rtos.o
    0x08002798   0x08002798   0x00000004   Code   RO         3211    i.BusFault_Handler  stm32f10x_it.o
    0x0800279c   0x0800279c   0x00000014   Code   RO         3648    i.DMA1_ADC1_StartConvert  dma1.o
    0x080027b0   0x080027b0   0x00000030   Code   RO         3272    i.DMA1_Channel1_IRQHandler  my_rtos.o
    0x080027e0   0x080027e0   0x000000e0   Code   RO         3649    i.DMA1_Init         dma1.o
    0x080028c0   0x080028c0   0x00000030   Code   RO         3650    i.DMA1_Reset_CNDTR  dma1.o
    0x080028f0   0x080028f0   0x00000020   Code   RO         3651    i.DMA1_StartConvert  dma1.o
    0x08002910   0x08002910   0x00000002   Code   RO         3212    i.DebugMon_Handler  stm32f10x_it.o
    0x08002912   0x08002912   0x00000002   PAD
    0x08002914   0x08002914   0x000001b8   Code   RO         3273    i.Display_Task      my_rtos.o
    0x08002acc   0x08002acc   0x000000c0   Code   RO         3901    i.ESP8266_CheckBufferedLen  esp8266.o
    0x08002b8c   0x08002b8c   0x00000030   Code   RO         3902    i.ESP8266_CloseConnection  esp8266.o
    0x08002bbc   0x08002bbc   0x0000004c   Code   RO         3903    i.ESP8266_ConnectAP  esp8266.o
    0x08002c08   0x08002c08   0x00000068   Code   RO         3904    i.ESP8266_Init      esp8266.o
    0x08002c70   0x08002c70   0x00000038   Code   RO         3905    i.ESP8266_IsAlive   esp8266.o
    0x08002ca8   0x08002ca8   0x00000114   Code   RO         3907    i.ESP8266_ReadData  esp8266.o
    0x08002dbc   0x08002dbc   0x0000000c   Code   RO         3908    i.ESP8266_ResetClosedFlag  esp8266.o
    0x08002dc8   0x08002dc8   0x0000008c   Code   RO         3909    i.ESP8266_TCPConnect  esp8266.o
    0x08002e54   0x08002e54   0x00000100   Code   RO         3910    i.ESP8266_WaitData  esp8266.o
    0x08002f54   0x08002f54   0x00000014   Code   RO         3844    i.Encoder_Get       encoder.o
    0x08002f68   0x08002f68   0x00000140   Code   RO         3845    i.Encoder_Init      encoder.o
    0x080030a8   0x080030a8   0x00000116   Code   RO         1347    i.GPIO_Init         stm32f10x_gpio.o
    0x080031be   0x080031be   0x0000000a   Code   RO         1358    i.GPIO_WriteBit     stm32f10x_gpio.o
    0x080031c8   0x080031c8   0x00000128   Code   RO         3274    i.GuardFault_Handler  my_rtos.o
    0x080032f0   0x080032f0   0x0000034c   Code   RO         3275    i.HardFault_Diagnose  my_rtos.o
    0x0800363c   0x0800363c   0x0000001c   Code   RO         3533    i.Key_GetNum        key.o
    0x08003658   0x08003658   0x00000044   Code   RO         3534    i.Key_GetState      key.o
    0x0800369c   0x0800369c   0x000000e4   Code   RO         3535    i.Key_Init          key.o
    0x08003780   0x08003780   0x00000034   Code   RO         3536    i.Key_Tick          key.o
    0x080037b4   0x080037b4   0x00000040   Code   RO         3463    i.Led_Init          led.o
    0x080037f4   0x080037f4   0x00000014   Code   RO         3464    i.Led_Off           led.o
    0x08003808   0x08003808   0x00000014   Code   RO         3465    i.Led_On            led.o
    0x0800381c   0x0800381c   0x00000004   Code   RO         3213    i.MemManage_Handler  stm32f10x_it.o
    0x08003820   0x08003820   0x0000005c   Code   RO         3511    i.Motor_Init        motor.o
    0x0800387c   0x0800387c   0x00000080   Code   RO         3512    i.Motor_SetPWM      motor.o
    0x080038fc   0x080038fc   0x00000034   Code   RO         3276    i.My_RTOS_Start     my_rtos.o
    0x08003930   0x08003930   0x00000002   Code   RO         3214    i.NMI_Handler       stm32f10x_it.o
    0x08003932   0x08003932   0x0000002a   Code   RO         3736    i.OLED_Clear        oled.o
    0x0800395c   0x0800395c   0x00000050   Code   RO         3737    i.OLED_I2C_Init     oled.o
    0x080039ac   0x080039ac   0x0000005c   Code   RO         3738    i.OLED_I2C_SendByte  oled.o
    0x08003a08   0x08003a08   0x00000034   Code   RO         3739    i.OLED_I2C_Start    oled.o
    0x08003a3c   0x08003a3c   0x00000028   Code   RO         3740    i.OLED_I2C_Stop     oled.o
    0x08003a64   0x08003a64   0x000000ae   Code   RO         3741    i.OLED_Init         oled.o
    0x08003b12   0x08003b12   0x00000014   Code   RO         3742    i.OLED_Pow          oled.o
    0x08003b26   0x08003b26   0x00000022   Code   RO         3743    i.OLED_SetCursor    oled.o
    0x08003b48   0x08003b48   0x00000074   Code   RO         3745    i.OLED_ShowChar     oled.o
    0x08003bbc   0x08003bbc   0x00000044   Code   RO         3747    i.OLED_ShowNum      oled.o
    0x08003c00   0x08003c00   0x00000066   Code   RO         3748    i.OLED_ShowSignedNum  oled.o
    0x08003c66   0x08003c66   0x00000028   Code   RO         3749    i.OLED_ShowString   oled.o
    0x08003c8e   0x08003c8e   0x00000020   Code   RO         3750    i.OLED_WriteCommand  oled.o
    0x08003cae   0x08003cae   0x00000020   Code   RO         3751    i.OLED_WriteData    oled.o
    0x08003cce   0x08003cce   0x00000010   Code   RO         3250    i.PID_Init          pid.o
    0x08003cde   0x08003cde   0x00000002   PAD
    0x08003ce0   0x08003ce0   0x000000e0   Code   RO         3277    i.PID_Task          my_rtos.o
    0x08003dc0   0x08003dc0   0x000000ae   Code   RO         3251    i.PID_Update        pid.o
    0x08003e6e   0x08003e6e   0x00000002   PAD
    0x08003e70   0x08003e70   0x000000a0   Code   RO         3493    i.PWM_Init          pwm.o
    0x08003f10   0x08003f10   0x0000000e   Code   RO         3494    i.PWM_SetDutyCycle  pwm.o
    0x08003f1e   0x08003f1e   0x00000002   PAD
    0x08003f20   0x08003f20   0x000000b8   Code   RO         3278    i.Position_Task     my_rtos.o
    0x08003fd8   0x08003fd8   0x00000020   Code   RO         1777    i.RCC_APB2PeriphClockCmd  stm32f10x_rcc.o
    0x08003ff8   0x08003ff8   0x000000b4   Code   RO         4409    i.SPI_Hard_Init     spi_hard.o
    0x080040ac   0x080040ac   0x00000030   Code   RO         4410    i.SPI_Hard_SwapByte  spi_hard.o
    0x080040dc   0x080040dc   0x00000008   Code   RO           17    i.SetSysClock       system_stm32f10x.o
    0x080040e4   0x080040e4   0x000000e0   Code   RO           18    i.SetSysClockTo72   system_stm32f10x.o
    0x080041c4   0x080041c4   0x00000194   Code   RO         3279    i.Start_Task        my_rtos.o
    0x08004358   0x08004358   0x00000028   Code   RO         3280    i.SysTick_Handler   my_rtos.o
    0x08004380   0x08004380   0x000000a4   Code   RO           19    i.SystemCoreClockUpdate  system_stm32f10x.o
    0x08004424   0x08004424   0x00000054   Code   RO           20    i.SystemInit        system_stm32f10x.o
    0x08004478   0x08004478   0x00000028   Code   RO         3281    i.TimerDaemon_Task  my_rtos.o
    0x080044a0   0x080044a0   0x00000054   Code   RO         3565    i.USART1_IRQHandler  usart.o
    0x080044f4   0x080044f4   0x00000294   Code   RO         3282    i.Upgrade_Task      my_rtos.o
    0x08004788   0x08004788   0x00000004   Code   RO         3215    i.UsageFault_Handler  stm32f10x_it.o
    0x0800478c   0x0800478c   0x0000003c   Code   RO         3862    i.Usart2_Flush      usart2.o
    0x080047c8   0x080047c8   0x00000070   Code   RO         3863    i.Usart2_Init       usart2.o
    0x08004838   0x08004838   0x00000040   Code   RO         3864    i.Usart2_RecvByte   usart2.o
    0x08004878   0x08004878   0x0000001c   Code   RO         3865    i.Usart2_SendByte   usart2.o
    0x08004894   0x08004894   0x00000016   Code   RO         3866    i.Usart2_SendStr    usart2.o
    0x080048aa   0x080048aa   0x00000002   PAD
    0x080048ac   0x080048ac   0x0000000c   Code   RO         3566    i.Usart_ClearFlag   usart.o
    0x080048b8   0x080048b8   0x0000000c   Code   RO         3567    i.Usart_ClearSize   usart.o
    0x080048c4   0x080048c4   0x00000118   Code   RO         3570    i.Usart_Init        usart.o
    0x080049dc   0x080049dc   0x0000000c   Code   RO         3571    i.Usart_IsDataReady  usart.o
    0x080049e8   0x080049e8   0x00000038   Code   RO         3572    i.Usart_MatchCmd    usart.o
    0x08004a20   0x08004a20   0x0000001c   Code   RO         3573    i.Usart_TransmitChar  usart.o
    0x08004a3c   0x08004a3c   0x00000020   Code   RO         4430    i.W25Q64_Init       w25q64.o
    0x08004a5c   0x08004a5c   0x00000064   Code   RO         4431    i.W25Q64_PageProgram  w25q64.o
    0x08004ac0   0x08004ac0   0x00000060   Code   RO         4432    i.W25Q64_Read       w25q64.o
    0x08004b20   0x08004b20   0x00000048   Code   RO         4433    i.W25Q64_ReadID     w25q64.o
    0x08004b68   0x08004b68   0x00000038   Code   RO         4434    i.W25Q64_ReadSR     w25q64.o
    0x08004ba0   0x08004ba0   0x0000004c   Code   RO         4436    i.W25Q64_SectorErase  w25q64.o
    0x08004bec   0x08004bec   0x00000012   Code   RO         4437    i.W25Q64_WaitBusy   w25q64.o
    0x08004bfe   0x08004bfe   0x00000040   Code   RO         4438    i.W25Q64_Write      w25q64.o
    0x08004c3e   0x08004c3e   0x00000002   PAD
    0x08004c40   0x08004c40   0x0000002c   Code   RO         4439    i.W25Q64_WriteEnable  w25q64.o
    0x08004c6c   0x08004c6c   0x00000020   Code   RO         4710    i.__0printf$8       mc_w.l(printf8.o)
    0x08004c8c   0x08004c8c   0x0000000e   Code   RO         4826    i.__scatterload_copy  mc_w.l(handlers.o)
    0x08004c9a   0x08004c9a   0x00000002   Code   RO         4827    i.__scatterload_null  mc_w.l(handlers.o)
    0x08004c9c   0x08004c9c   0x0000000e   Code   RO         4828    i.__scatterload_zeroinit  mc_w.l(handlers.o)
    0x08004caa   0x08004caa   0x00000008   Code   RO         3986    i.__set_BASEPRI     sched.o
    0x08004cb2   0x08004cb2   0x00000002   PAD
    0x08004cb4   0x08004cb4   0x00000410   Code   RO         4717    i._printf_core      mc_w.l(printf8.o)
    0x080050c4   0x080050c4   0x00000024   Code   RO         4718    i._printf_post_padding  mc_w.l(printf8.o)
    0x080050e8   0x080050e8   0x0000002e   Code   RO         4719    i._printf_pre_padding  mc_w.l(printf8.o)
    0x08005116   0x08005116   0x00000002   PAD
    0x08005118   0x08005118   0x00000028   Code   RO         3911    i.at_cmd            esp8266.o
    0x08005140   0x08005140   0x00000034   Code   RO         3283    i.confirm_boot      my_rtos.o
    0x08005174   0x08005174   0x00000054   Code   RO         3284    i.crc32_feed_buf    my_rtos.o
    0x080051c8   0x080051c8   0x00000034   Code   RO         4085    i.delay_list_tick   task.o
    0x080051fc   0x080051fc   0x00000060   Code   RO         3285    i.drain_esp8266_buf  my_rtos.o
    0x0800525c   0x0800525c   0x00000014   Code   RO         3987    i.enter_critical    sched.o
    0x08005270   0x08005270   0x0000001a   Code   RO         4179    i.event_group_clear  event_groups.o
    0x0800528a   0x0800528a   0x00000008   Code   RO         4181    i.event_group_init  event_groups.o
    0x08005292   0x08005292   0x00000082   Code   RO         4182    i.event_group_set   event_groups.o
    0x08005314   0x08005314   0x00000098   Code   RO         4184    i.event_group_wait  event_groups.o
    0x080053ac   0x080053ac   0x0000000c   Code   RO         3988    i.exit_critical     sched.o
    0x080053b8   0x080053b8   0x00000010   Code   RO         3575    i.fputc             usart.o
    0x080053c8   0x080053c8   0x000000a8   Code   RO         3286    i.key_scan_cb       my_rtos.o
    0x08005470   0x08005470   0x00000064   Code   RO         3196    i.main              main.o
    0x080054d4   0x080054d4   0x00000014   Code   RO         4221    i.my_memcpy         queue.o
    0x080054e8   0x080054e8   0x00000034   Code   RO         4086    i.need_preempt      task.o
    0x0800551c   0x0800551c   0x0000001e   Code   RO         4087    i.pend_to_list      task.o
    0x0800553a   0x0800553a   0x0000002e   Code   RO         4222    i.queue_create      queue.o
    0x08005568   0x08005568   0x00000090   Code   RO         4223    i.queue_recv        queue.o
    0x080055f8   0x080055f8   0x00000052   Code   RO         4226    i.queue_send_from_isr  queue.o
    0x0800564a   0x0800564a   0x00000002   PAD
    0x0800564c   0x0800564c   0x0000004c   Code   RO         3989    i.scheduler_add     sched.o
    0x08005698   0x08005698   0x00000040   Code   RO         3990    i.scheduler_add_from_isr  sched.o
    0x080056d8   0x080056d8   0x00000044   Code   RO         3991    i.scheduler_get_next  sched.o
    0x0800571c   0x0800571c   0x00000028   Code   RO         3992    i.scheduler_init    sched.o
    0x08005744   0x08005744   0x00000084   Code   RO         3993    i.scheduler_on_pendsv  sched.o
    0x080057c8   0x080057c8   0x0000003c   Code   RO         3995    i.scheduler_tick_1ms  sched.o
    0x08005804   0x08005804   0x00000038   Code   RO         4314    i.sem_give          semaphore.o
    0x0800583c   0x0800583c   0x00000048   Code   RO         4316    i.sem_take          semaphore.o
    0x08005884   0x08005884   0x00000028   Code   RO         3996    i.systick_init_1ms  sched.o
    0x080058ac   0x080058ac   0x0000006c   Code   RO         4089    i.task_create       task.o
    0x08005918   0x08005918   0x0000004c   Code   RO         4091    i.task_notify       task.o
    0x08005964   0x08005964   0x00000038   Code   RO         4092    i.task_notify_from_isr  task.o
    0x0800599c   0x0800599c   0x00000074   Code   RO         4093    i.task_notify_wait  task.o
    0x08005a10   0x08005a10   0x0000009e   Code   RO         4094    i.task_stack_init   task.o
    0x08005aae   0x08005aae   0x00000016   Code   RO         4270    i.timer_init        timers.o
    0x08005ac4   0x08005ac4   0x00000064   Code   RO         4271    i.timer_start       timers.o
    0x08005b28   0x08005b28   0x00000060   Code   RO         4273    i.timer_tick        timers.o
    0x08005b88   0x08005b88   0x00000018   Code   RO         3287    i.trigger_switch    my_rtos.o
    0x08005ba0   0x08005ba0   0x00000018   Code   RO         3997    i.trigger_switch    sched.o
    0x08005bb8   0x08005bb8   0x00000018   Code   RO         4095    i.trigger_switch    task.o
    0x08005bd0   0x08005bd0   0x00000018   Code   RO         4227    i.trigger_switch    queue.o
    0x08005be8   0x08005be8   0x00000018   Code   RO         4318    i.trigger_switch    semaphore.o
    0x08005c00   0x08005c00   0x00000064   Code   RO         3288    i.trigger_upgrade   my_rtos.o
    0x08005c64   0x08005c64   0x0000000c   Code   RO         3998    i.vTaskSuspendAll   sched.o
    0x08005c70   0x08005c70   0x0000006c   Code   RO         3912    i.wait_ipd_or_closed  esp8266.o
    0x08005cdc   0x08005cdc   0x0000004c   Code   RO         3913    i.wait_response     esp8266.o
    0x08005d28   0x08005d28   0x0000001c   Code   RO         4096    i.wake_one          task.o
    0x08005d44   0x08005d44   0x0000000c   Code   RO         3999    i.xTaskResumeAll    sched.o
    0x08005d50   0x08005d50   0x000005f0   Data   RO         3752    .constdata          oled.o
    0x08006340   0x08006340   0x00000020   Data   RO         4824    Region$$Table       anon$$obj.o


    Execution Region RW_IRAM1 (Exec base: 0x20000000, Load base: 0x08006360, Size: 0x00000fa4, Max: 0x00005000, ABSOLUTE)

    Exec Addr    Load Addr    Size         Type   Attr      Idx    E Section Name        Object

    0x20000000   0x08006360   0x00000014   Data   RW           21    .data               system_stm32f10x.o
    0x20000014   0x08006374   0x0000008c   Data   RW         3290    .data               my_rtos.o
    0x200000a0   0x08006400   0x00000001   Data   RW         3513    .data               motor.o
    0x200000a1   0x08006401   0x00000003   Data   RW         3537    .data               key.o
    0x200000a4   0x08006404   0x00000002   Data   RW         3577    .data               usart.o
    0x200000a6   0x08006406   0x00000001   Data   RW         3914    .data               esp8266.o
    0x200000a7   0x08006407   0x00000001   PAD
    0x200000a8   0x08006408   0x0000000c   Data   RW         4000    .data               sched.o
    0x200000b4   0x08006414   0x0000000c   Data   RW         4098    .data               task.o
    0x200000c0   0x08006420   0x00000004   Data   RW         4275    .data               timers.o
    0x200000c4   0x08006424   0x00000004   Data   RW         4796    .data               mc_w.l(stdout.o)
    0x200000c8        -       0x00000a0a   Zero   RW         3289    .bss                my_rtos.o
    0x20000ad2        -       0x00000064   Zero   RW         3576    .bss                usart.o
    0x20000b36   0x08006428   0x00000002   PAD
    0x20000b38        -       0x00000020   Zero   RW         4097    .bss                task.o
    0x20000b58        -       0x00000048   Zero   RW         4274    .bss                timers.o
    0x20000ba0        -       0x00000400   Zero   RW          130    STACK               startup_stm32f10x_md.o
    0x20000fa0        -       0x00000004   Zero   RW         4175    TCB_BSS             task_switch.o


==============================================================================

Image component sizes


      Code (inc. data)   RO Data    RW Data    ZI Data      Debug   Object Name

       552         32          0          0          0       1801   adc1.o
         0          0          0          0          0       4532   core_cm3.o
       324         36          0          0          0       2620   dma1.o
       340         18          0          0          0        945   encoder.o
      1384        236          0          1          0       8520   esp8266.o
       316         14          0          0          0       2844   event_groups.o
       376         36          0          3          0       2098   key.o
       104         20          0          0          0       1178   led.o
       100         14          0          0          0        775   main.o
         0          0          0          0          0     201676   misc.o
       220         20          0          1          0       1020   motor.o
      3816       1474          0        140       2570      32201   my_rtos.o
       924         22       1520          0          0       8182   oled.o
       190          0          0          0          0       1708   pid.o
       174          8          0          0          0        898   pwm.o
       316         14          0          0          0       3190   queue.o
       568         84          0         12          0      22556   sched.o
       152         16          0          0          0       1826   semaphore.o
       228         20          0          0          0       1000   spi_hard.o
        36          8        236          0       1024        772   startup_stm32f10x_md.o
       288          0          0          0          0      10728   stm32f10x_gpio.o
        16          0          0          0          0       2061   stm32f10x_it.o
        32          6          0          0          0        533   stm32f10x_rcc.o
       480         46          0         20          0      11013   system_stm32f10x.o
       700         44          0         12         32       7388   task.o
       172         14          0          0          4        312   task_switch.o
       218         14          0          4         72       2886   timers.o
       500         70          0          2        100      20962   usart.o
       286         34          0          0          0       2854   usart2.o
       558         34          0          0          0       5240   w25q64.o

    ----------------------------------------------------------------------
     13386       2334       1788        196       3804     364319   Object Totals
         0          0         32          0          0          0   (incl. Generated)
        16          0          0          1          2          0   (incl. Padding)

    ----------------------------------------------------------------------

      Code (inc. data)   RO Data    RW Data    ZI Data      Debug   Library Member Name

         0          0          0          0          0          0   entry.o
         0          0          0          0          0          0   entry10a.o
         0          0          0          0          0          0   entry11a.o
         8          4          0          0          0          0   entry2.o
         4          0          0          0          0          0   entry5.o
         0          0          0          0          0          0   entry7b.o
         0          0          0          0          0          0   entry8b.o
         8          4          0          0          0          0   entry9a.o
        30          0          0          0          0          0   handlers.o
        36          8          0          0          0         68   init.o
         0          0          0          0          0          0   iusefp.o
        30          0          0          0          0         68   llshl.o
        32          0          0          0          0         68   llushr.o
      1154         54          0          0          0        352   printf8.o
         0          0          0          4          0          0   stdout.o
        98          0          0          0          0         92   uldiv.o
        20          0          0          0          0         68   cfcmple.o
        20          0          0          0          0         68   cfrcmple.o
       176          0          0          0          0        140   fadd.o
       124          0          0          0          0         88   fdiv.o
       110          0          0          0          0        168   fepilogue.o
        50          0          0          0          0         68   ffixi.o
        40          0          0          0          0         68   ffixui.o
        18          0          0          0          0         68   fflti.o
        10          0          0          0          0         68   ffltui.o
       100          0          0          0          0         76   fmul.o

    ----------------------------------------------------------------------
      2074         70          0          4          0       1528   Library Totals
         6          0          0          0          0          0   (incl. Padding)

    ----------------------------------------------------------------------

      Code (inc. data)   RO Data    RW Data    ZI Data      Debug   Library Name

      1400         70          0          4          0        648   mc_w.l
       668          0          0          0          0        880   mf_w.l

    ----------------------------------------------------------------------
      2074         70          0          4          0       1528   Library Totals

    ----------------------------------------------------------------------

==============================================================================


      Code (inc. data)   RO Data    RW Data    ZI Data      Debug   

     15460       2404       1788        200       3804     358095   Grand Totals
     15460       2404       1788        200       3804     358095   ELF Image Totals
     15460       2404       1788        200          0          0   ROM Totals

==============================================================================

    Total RO  Size (Code + RO Data)                17248 (  16.84kB)
    Total RW  Size (RW Data + ZI Data)              4004 (   3.91kB)
    Total ROM Size (Code + RO Data + RW Data)      17448 (  17.04kB)

==============================================================================

